Component: Arm Compiler for Embedded 6.19 Tool: armlink [5e73cb00]

==============================================================================

Section Cross References

    main.o(.text.cb_putc) refers to peripheral_uart.o(.text.apUART_Check_TXFIFO_FULL) for apUART_Check_TXFIFO_FULL
    main.o(.text.cb_putc) refers to peripheral_uart.o(.text.UART_SendData) for UART_SendData
    main.o(.ARM.exidx.text.cb_putc) refers to main.o(.text.cb_putc) for [Anonymous Symbol]
    main.o(.text.fputc) refers to main.o(.text.cb_putc) for cb_putc
    main.o(.ARM.exidx.text.fputc) refers to main.o(.text.fputc) for [Anonymous Symbol]
    main.o(.text.config_uart) refers to peripheral_uart.o(.text.apUART_Initialize) for apUART_Initialize
    main.o(.ARM.exidx.text.config_uart) refers to main.o(.text.config_uart) for [Anonymous Symbol]
    main.o(.text.setup_peripherals) refers to main.o(.text.config_uart) for config_uart
    main.o(.text.setup_peripherals) refers to peripheral_sysctrl.o(.text.SYSCTRL_ClearClkGateMulti) for SYSCTRL_ClearClkGateMulti
    main.o(.text.setup_peripherals) refers to peripheral_sysctrl.o(.text.SYSCTRL_ClearClkGate) for SYSCTRL_ClearClkGate
    main.o(.text.setup_peripherals) refers to peripheral_pinctrl.o(.text.PINCTRL_SetPadMux) for PINCTRL_SetPadMux
    main.o(.text.setup_peripherals) refers to peripheral_gpio.o(.text.GIO_SetDirection) for GIO_SetDirection
    main.o(.text.setup_peripherals) refers to peripheral_gpio.o(.text.GIO_ConfigIntSource) for GIO_ConfigIntSource
    main.o(.ARM.exidx.text.setup_peripherals) refers to main.o(.text.setup_peripherals) for [Anonymous Symbol]
    main.o(.ARM.exidx.text.on_lle_init) refers to main.o(.text.on_lle_init) for [Anonymous Symbol]
    main.o(.text.app_main) refers to peripheral_sysctrl.o(.text.SYSCTRL_Init) for SYSCTRL_Init
    main.o(.text.app_main) refers to main.o(.rodata.evt_cb_table) for evt_cb_table
    main.o(.text.app_main) refers to main.o(.text.setup_peripherals) for setup_peripherals
    main.o(.text.app_main) refers to main.o(.bss.trace_ctx) for trace_ctx
    main.o(.text.app_main) refers to trace.o(.text.trace_rtt_init) for trace_rtt_init
    main.o(.ARM.exidx.text.app_main) refers to main.o(.text.app_main) for [Anonymous Symbol]
    main.o(.text.cb_hard_fault) refers to main.o(.rodata.str1.1) for .L.str
    main.o(.ARM.exidx.text.cb_hard_fault) refers to main.o(.text.cb_hard_fault) for [Anonymous Symbol]
    main.o(.text.cb_assertion) refers to main.o(.rodata.str1.1) for .L.str.1
    main.o(.ARM.exidx.text.cb_assertion) refers to main.o(.text.cb_assertion) for [Anonymous Symbol]
    main.o(.text.cb_heap_out_of_mem) refers to main.o(.rodata.str1.1) for .L.str.2
    main.o(.ARM.exidx.text.cb_heap_out_of_mem) refers to main.o(.text.cb_heap_out_of_mem) for [Anonymous Symbol]
    main.o(.rodata.evt_cb_table) refers to main.o(.text.cb_putc) for cb_putc
    main.o(.rodata.evt_cb_table) refers to profile.o(.text.setup_profile) for setup_profile
    main.o(.rodata.evt_cb_table) refers to main.o(.text.cb_hard_fault) for cb_hard_fault
    main.o(.rodata.evt_cb_table) refers to main.o(.text.cb_assertion) for cb_assertion
    main.o(.rodata.evt_cb_table) refers to main.o(.text.on_lle_init) for on_lle_init
    main.o(.rodata.evt_cb_table) refers to main.o(.text.cb_heap_out_of_mem) for cb_heap_out_of_mem
    main.o(.rodata.evt_cb_table) refers to trace.o(.text.cb_trace_rtt) for cb_trace_rtt
    main.o(.rodata.evt_cb_table) refers to main.o(.bss.trace_ctx) for trace_ctx
    profile.o(.text.find_change_adv) refers to profile.o(.data.adv_data) for adv_data
    profile.o(.text.find_change_adv) refers to ad_parser.o(.text.ad_data_from_type) for ad_data_from_type
    profile.o(.text.find_change_adv) refers to profile.o(.rodata.str1.1) for .L.str
    profile.o(.text.find_change_adv) refers to profile.o(.bss.loop_count) for loop_count
    profile.o(.ARM.exidx.text.find_change_adv) refers to profile.o(.text.find_change_adv) for [Anonymous Symbol]
    profile.o(.ARM.exidx.text.reset_timer_callback) refers to profile.o(.text.reset_timer_callback) for [Anonymous Symbol]
    profile.o(.text.setup_profile) refers to profile.o(.rodata.str1.1) for .L.str.2
    profile.o(.text.setup_profile) refers to kv_impl.o(.text.kv_impl_init) for kv_impl_init
    profile.o(.text.setup_profile) refers to profile.o(.bss.loop_count) for loop_count
    profile.o(.text.setup_profile) refers to kv_flash.o(.text.get_con_flash) for get_con_flash
    profile.o(.text.setup_profile) refers to kv_flash.o(.text.check_flash) for check_flash
    profile.o(.text.setup_profile) refers to kv_flash.o(.text.read_rest_flash) for read_rest_flash
    profile.o(.text.setup_profile) refers to profile.o(.text.find_change_adv) for find_change_adv
    profile.o(.text.setup_profile) refers to profile.o(.text.att_read_callback) for att_read_callback
    profile.o(.text.setup_profile) refers to profile.o(.text.att_write_callback) for att_write_callback
[...]
    ../clib/microlib/string/memcpy.c         0x00000000   Number         0  memcpyb.o ABSOLUTE
    ../clib/microlib/string/memset.c         0x00000000   Number         0  memseta.o ABSOLUTE
    ../clib/microlib/string/strcpy.c         0x00000000   Number         0  strcpy.o ABSOLUTE
    ../clib/microlib/string/strlen.c         0x00000000   Number         0  strlen.o ABSOLUTE
    ../clib/microlib/stubs.s                 0x00000000   Number         0  iusefp.o ABSOLUTE
    ../fplib/microlib/d2f.c                  0x00000000   Number         0  d2f.o ABSOLUTE
    ../fplib/microlib/f2d.c                  0x00000000   Number         0  f2d.o ABSOLUTE
    ../fplib/microlib/fpadd.c                0x00000000   Number         0  dadd.o ABSOLUTE
    ../fplib/microlib/fpdiv.c                0x00000000   Number         0  ddiv.o ABSOLUTE
    ../fplib/microlib/fpepilogue.c           0x00000000   Number         0  fepilogue.o ABSOLUTE
    ../fplib/microlib/fpepilogue.c           0x00000000   Number         0  depilogue.o ABSOLUTE
    ../fplib/microlib/fpfix.c                0x00000000   Number         0  dfixul.o ABSOLUTE
    ../fplib/microlib/fpflt.c                0x00000000   Number         0  dflti.o ABSOLUTE
    ../fplib/microlib/fpflt.c                0x00000000   Number         0  dfltui.o ABSOLUTE
    ../fplib/microlib/fpmul.c                0x00000000   Number         0  dmul.o ABSOLUTE
    ad_parser.c                              0x00000000   Number         0  ad_parser.o ABSOLUTE
    cdrcmple.s                               0x00000000   Number         0  cdrcmple.o ABSOLUTE
    dc.s                                     0x00000000   Number         0  dc.o ABSOLUTE
    eflash.c                                 0x00000000   Number         0  eflash.o ABSOLUTE
    handlers.s                               0x00000000   Number         0  handlers.o ABSOLUTE
    init.s                                   0x00000000   Number         0  init.o ABSOLUTE
    kv_flash.c                               0x00000000   Number         0  kv_flash.o ABSOLUTE
    kv_impl.c                                0x00000000   Number         0  kv_impl.o ABSOLUTE
    main.c                                   0x00000000   Number         0  main.o ABSOLUTE
    peripheral_adc.c                         0x00000000   Number         0  peripheral_adc.o ABSOLUTE
    peripheral_comparator.c                  0x00000000   Number         0  peripheral_comparator.o ABSOLUTE
    peripheral_dma.c                         0x00000000   Number         0  peripheral_dma.o ABSOLUTE
    peripheral_efuse.c                       0x00000000   Number         0  peripheral_efuse.o ABSOLUTE
    peripheral_gpio.c                        0x00000000   Number         0  peripheral_gpio.o ABSOLUTE
    peripheral_i2c.c                         0x00000000   Number         0  peripheral_i2c.o ABSOLUTE
    peripheral_i2s.c                         0x00000000   Number         0  peripheral_i2s.o ABSOLUTE
    peripheral_ir.c                          0x00000000   Number         0  peripheral_ir.o ABSOLUTE
    peripheral_keyscan.c                     0x00000000   Number         0  peripheral_keyscan.o ABSOLUTE
    peripheral_pdm.c                         0x00000000   Number         0  peripheral_pdm.o ABSOLUTE
    peripheral_pinctrl.c                     0x00000000   Number         0  peripheral_pinctrl.o ABSOLUTE
    peripheral_pte.c                         0x00000000   Number         0  peripheral_pte.o ABSOLUTE
    peripheral_pwm.c                         0x00000000   Number         0  peripheral_pwm.o ABSOLUTE
    peripheral_qdec.c                        0x00000000   Number         0  peripheral_qdec.o ABSOLUTE
    peripheral_rtc.c                         0x00000000   Number         0  peripheral_rtc.o ABSOLUTE
    peripheral_ssp.c                         0x00000000   Number         0  peripheral_ssp.o ABSOLUTE
    peripheral_sysctrl.c                     0x00000000   Number         0  peripheral_sysctrl.o ABSOLUTE
    peripheral_timer.c                       0x00000000   Number         0  peripheral_timer.o ABSOLUTE
    peripheral_uart.c                        0x00000000   Number         0  peripheral_uart.o ABSOLUTE
    peripheral_usb.c                         0x00000000   Number         0  peripheral_usb.o ABSOLUTE
    profile.c                                0x00000000   Number         0  profile.o ABSOLUTE
    src\startup_ing91600.s                   0x00000000   Number         0  startup_ing91600.o ABSOLUTE
    trace.c                                  0x00000000   Number         0  trace.o ABSOLUTE
    RESET                                    0x0202a000   Section        8  startup_ing91600.o(RESET)
    .ARM.Collect$$$$00000000                 0x0202a008   Section        0  entry.o(.ARM.Collect$$$$00000000)
    .ARM.Collect$$$$00000001                 0x0202a008   Section        4  entry2.o(.ARM.Collect$$$$00000001)
    .ARM.Collect$$$$00000004                 0x0202a00c   Section        4  entry5.o(.ARM.Collect$$$$00000004)
    .ARM.Collect$$$$00000008                 0x0202a010   Section        0  entry7b.o(.ARM.Collect$$$$00000008)
    .ARM.Collect$$$$0000000A                 0x0202a010   Section        0  entry8b.o(.ARM.Collect$$$$0000000A)
    .ARM.Collect$$$$0000000B                 0x0202a010   Section        8  entry9a.o(.ARM.Collect$$$$0000000B)
    __lit__00000000                          0x0202a018   Data           4  entry2.o(.ARM.Collect$$$$00002712)
    .ARM.Collect$$$$0000000D                 0x0202a018   Section        0  entry10a.o(.ARM.Collect$$$$0000000D)
    .ARM.Collect$$$$0000000F                 0x0202a018   Section        0  entry11a.o(.ARM.Collect$$$$0000000F)
    .ARM.Collect$$$$00002712                 0x0202a018   Section        4  entry2.o(.ARM.Collect$$$$00002712)
    $v0                                      0x0202a01c   Number         0  startup_ing91600.o(.text)
    .text                                    0x0202a01c   Section       40  startup_ing91600.o(.text)
    .text                                    0x0202a044   Section       36  init.o(.text)
    .text                                    0x0202a068   Section        0  memcpya.o(.text)
    .text                                    0x0202a08c   Section        0  memcmp.o(.text)
    .text                                    0x0202a0a6   Section        0  strcpy.o(.text)
    [Anonymous Symbol]                       0x0202a0b8   Section        0  peripheral_gpio.o(.text.GIO_ConfigIntSource)
    GIO_MaskedWrite                          0x0202a185   Thumb Code    50  peripheral_gpio.o(.text.GIO_MaskedWrite)
    [Anonymous Symbol]                       0x0202a184   Section        0  peripheral_gpio.o(.text.GIO_MaskedWrite)
    [Anonymous Symbol]                       0x0202a1b8   Section        0  peripheral_gpio.o(.text.GIO_SetDirection)
    [Anonymous Symbol]                       0x0202a25c   Section        0  peripheral_pinctrl.o(.text.PINCTRL_SetPadMux)
    [Anonymous Symbol]                       0x0202a404   Section        0  trace.o(.text.SEGGER_RTT_GetAvailWriteSpace)
    [Anonymous Symbol]                       0x0202a428   Section        0  trace.o(.text.SEGGER_RTT_Init)
    [Anonymous Symbol]                       0x0202a430   Section        0  trace.o(.text.SEGGER_RTT_Write)
    [Anonymous Symbol]                       0x0202a478   Section        0  trace.o(.text.SEGGER_RTT_WriteNoLock)
    SYSCTRL_CacheControl0                    0x0202a529   Thumb Code    88  peripheral_sysctrl.o(.text.SYSCTRL_CacheControl0)
    [Anonymous Symbol]                       0x0202a528   Section        0  peripheral_sysctrl.o(.text.SYSCTRL_CacheControl0)
    [Anonymous Symbol]                       0x0202a580   Section        0  peripheral_sysctrl.o(.text.SYSCTRL_ClearClkGate)
    [Anonymous Symbol]                       0x0202a598   Section        0  peripheral_sysctrl.o(.text.SYSCTRL_ClearClkGateMulti)
    SYSCTRL_ClkGateCtrl                      0x0202a5dd   Thumb Code   902  peripheral_sysctrl.o(.text.SYSCTRL_ClkGateCtrl)
    [Anonymous Symbol]                       0x0202a5dc   Section        0  peripheral_sysctrl.o(.text.SYSCTRL_ClkGateCtrl)
    [Anonymous Symbol]                       0x0202a964   Section        0  peripheral_sysctrl.o(.text.SYSCTRL_ICacheControl)
    [Anonymous Symbol]                       0x0202a980   Section        0  peripheral_sysctrl.o(.text.SYSCTRL_Init)
    [Anonymous Symbol]                       0x0202aa5c   Section        0  peripheral_sysctrl.o(.text.SYSCTRL_SetLDOOutput)
    [Anonymous Symbol]                       0x0202aa80   Section        0  peripheral_uart.o(.text.UART_SendData)
    _DoInit                                  0x0202aa95   Thumb Code   156  trace.o(.text._DoInit)
    [Anonymous Symbol]                       0x0202aa94   Section        0  trace.o(.text._DoInit)
    _GetAvailWriteSpace                      0x0202ab31   Thumb Code    62  trace.o(.text._GetAvailWriteSpace)
    [Anonymous Symbol]                       0x0202ab30   Section        0  trace.o(.text._GetAvailWriteSpace)
    _WriteBlocking                           0x0202ab71   Thumb Code   224  trace.o(.text._WriteBlocking)
    [Anonymous Symbol]                       0x0202ab70   Section        0  trace.o(.text._WriteBlocking)
    _WriteNoCheck                            0x0202ac51   Thumb Code   128  trace.o(.text._WriteNoCheck)
    [Anonymous Symbol]                       0x0202ac50   Section        0  trace.o(.text._WriteNoCheck)
    [Anonymous Symbol]                       0x0202acd0   Section        0  ad_parser.o(.text.ad_data_from_type)
    [Anonymous Symbol]                       0x0202ad40   Section        0  ad_parser.o(.text.ad_iterator_get_data)
    [Anonymous Symbol]                       0x0202ad54   Section        0  ad_parser.o(.text.ad_iterator_get_data_len)
    [Anonymous Symbol]                       0x0202ad68   Section        0  ad_parser.o(.text.ad_iterator_get_data_type)
    [Anonymous Symbol]                       0x0202ad7c   Section        0  ad_parser.o(.text.ad_iterator_has_more)
    [Anonymous Symbol]                       0x0202ad94   Section        0  ad_parser.o(.text.ad_iterator_init)
    [Anonymous Symbol]                       0x0202adb8   Section        0  ad_parser.o(.text.ad_iterator_next)
    [Anonymous Symbol]                       0x0202adec   Section        0  kv_flash.o(.text.adv_uint8_to_ascii)
    [Anonymous Symbol]                       0x0202ae70   Section        0  peripheral_uart.o(.text.apUART_BaudRateSet)
    [Anonymous Symbol]                       0x0202aef0   Section        0  peripheral_uart.o(.text.apUART_Check_TXFIFO_FULL)
    [Anonymous Symbol]                       0x0202af00   Section        0  peripheral_uart.o(.text.apUART_Initialize)
    [Anonymous Symbol]                       0x0202afac   Section        0  main.o(.text.app_main)
    att_read_callback                        0x0202afe1   Thumb Code    32  profile.o(.text.att_read_callback)
    [Anonymous Symbol]                       0x0202afe0   Section        0  profile.o(.text.att_read_callback)
    att_write_callback                       0x0202b001   Thumb Code   100  profile.o(.text.att_write_callback)
    [Anonymous Symbol]                       0x0202b000   Section        0  profile.o(.text.att_write_callback)
    btstack_event_state_get_state            0x0202b065   Thumb Code    12  profile.o(.text.btstack_event_state_get_state)
    [Anonymous Symbol]                       0x0202b064   Section        0  profile.o(.text.btstack_event_state_get_state)
    calc_checksum_32                         0x0202b071   Thumb Code    44  eflash.o(.text.calc_checksum_32)
    [Anonymous Symbol]                       0x0202b070   Section        0  eflash.o(.text.calc_checksum_32)
    calc_ft_sum                              0x0202b09d   Thumb Code    18  eflash.o(.text.calc_ft_sum)
    [Anonymous Symbol]                       0x0202b09c   Section        0  eflash.o(.text.calc_ft_sum)
    cb_assertion                             0x0202b0b1   Thumb Code    30  main.o(.text.cb_assertion)
    [Anonymous Symbol]                       0x0202b0b0   Section        0  main.o(.text.cb_assertion)
    cb_hard_fault                            0x0202b0d1   Thumb Code    86  main.o(.text.cb_hard_fault)
    [Anonymous Symbol]                       0x0202b0d0   Section        0  main.o(.text.cb_hard_fault)
    cb_heap_out_of_mem                       0x0202b129   Thumb Code    26  main.o(.text.cb_heap_out_of_mem)
    [Anonymous Symbol]                       0x0202b128   Section        0  main.o(.text.cb_heap_out_of_mem)
    [Anonymous Symbol]                       0x0202b144   Section        0  main.o(.text.cb_putc)
    [Anonymous Symbol]                       0x0202b178   Section        0  trace.o(.text.cb_trace_rtt)
    [Anonymous Symbol]                       0x0202b1f8   Section        0  kv_flash.o(.text.check_flash)
    [Anonymous Symbol]                       0x0202b25c   Section        0  main.o(.text.config_uart)
    copy_security_data                       0x0202b2b1   Thumb Code   122  eflash.o(.text.copy_security_data)
    [Anonymous Symbol]                       0x0202b2b0   Section        0  eflash.o(.text.copy_security_data)
    [Anonymous Symbol]                       0x0202b32c   Section        0  eflash.o(.text.erase_flash_sector)
    [Anonymous Symbol]                       0x0202b348   Section        0  profile.o(.text.find_change_adv)
    [Anonymous Symbol]                       0x0202b40c   Section        0  eflash.o(.text.flash_enable_write_protection)
    [Anonymous Symbol]                       0x0202b498   Section        0  eflash.o(.text.flash_get_factory_calib_data)
    [Anonymous Symbol]                       0x0202b4bc   Section        0  eflash.o(.text.flash_prepare_factory_data)
    flash_read_protection_status             0x0202b581   Thumb Code    86  eflash.o(.text.flash_read_protection_status)
    [Anonymous Symbol]                       0x0202b580   Section        0  eflash.o(.text.flash_read_protection_status)
    [Anonymous Symbol]                       0x0202b5d8   Section        0  kv_flash.o(.text.get_con_flash)
    get_ft_sum                               0x0202b651   Thumb Code    12  eflash.o(.text.get_ft_sum)
    [Anonymous Symbol]                       0x0202b650   Section        0  eflash.o(.text.get_ft_sum)
    hci_event_command_complete_get_command_opcode 0x0202b65d   Thumb Code    14  profile.o(.text.hci_event_command_complete_get_command_opcode)
    [Anonymous Symbol]                       0x0202b65c   Section        0  profile.o(.text.hci_event_command_complete_get_command_opcode)
    hci_event_le_meta_get_subevent_code      0x0202b66d   Thumb Code    12  profile.o(.text.hci_event_le_meta_get_subevent_code)
    [Anonymous Symbol]                       0x0202b66c   Section        0  profile.o(.text.hci_event_le_meta_get_subevent_code)
    hci_event_packet_get_type                0x0202b679   Thumb Code    12  profile.o(.text.hci_event_packet_get_type)
    [Anonymous Symbol]                       0x0202b678   Section        0  profile.o(.text.hci_event_packet_get_type)
    hci_event_packet_get_user_msg            0x0202b685   Thumb Code    12  profile.o(.text.hci_event_packet_get_user_msg)
    [Anonymous Symbol]                       0x0202b684   Section        0  profile.o(.text.hci_event_packet_get_user_msg)
    impl_do_kv_visit                         0x0202b691   Thumb Code   126  kv_impl.o(.text.impl_do_kv_visit)
    [Anonymous Symbol]                       0x0202b690   Section        0  kv_impl.o(.text.impl_do_kv_visit)
    impl_kv_get                              0x0202b711   Thumb Code    62  kv_impl.o(.text.impl_kv_get)
    [Anonymous Symbol]                       0x0202b710   Section        0  kv_impl.o(.text.impl_kv_get)
    impl_kv_put                              0x0202b751   Thumb Code    74  kv_impl.o(.text.impl_kv_put)
    [Anonymous Symbol]                       0x0202b750   Section        0  kv_impl.o(.text.impl_kv_put)
    impl_kv_remove                           0x0202b79d   Thumb Code   104  kv_impl.o(.text.impl_kv_remove)
    [Anonymous Symbol]                       0x0202b79c   Section        0  kv_impl.o(.text.impl_kv_remove)
    impl_kv_remove_all                       0x0202b805   Thumb Code   108  kv_impl.o(.text.impl_kv_remove_all)
    [Anonymous Symbol]                       0x0202b804   Section        0  kv_impl.o(.text.impl_kv_remove_all)
    impl_kv_value_modified_of_key            0x0202b871   Thumb Code    44  kv_impl.o(.text.impl_kv_value_modified_of_key)
    [Anonymous Symbol]                       0x0202b870   Section        0  kv_impl.o(.text.impl_kv_value_modified_of_key)
    impl_kv_visit                            0x0202b89d   Thumb Code    36  kv_impl.o(.text.impl_kv_visit)
    [Anonymous Symbol]                       0x0202b89c   Section        0  kv_impl.o(.text.impl_kv_visit)
    is_data_ready                            0x0202b8c1   Thumb Code    94  eflash.o(.text.is_data_ready)
    [Anonymous Symbol]                       0x0202b8c0   Section        0  eflash.o(.text.is_data_ready)
    kv_do_append_key                         0x0202b921   Thumb Code   216  kv_impl.o(.text.kv_do_append_key)
    [Anonymous Symbol]                       0x0202b920   Section        0  kv_impl.o(.text.kv_do_append_key)
    kv_do_backup                             0x0202b9f9   Thumb Code    78  kv_impl.o(.text.kv_do_backup)
    [Anonymous Symbol]                       0x0202b9f8   Section        0  kv_impl.o(.text.kv_do_backup)
    kv_do_gc                                 0x0202ba49   Thumb Code    64  kv_impl.o(.text.kv_do_gc)
    [Anonymous Symbol]                       0x0202ba48   Section        0  kv_impl.o(.text.kv_do_gc)
    kv_do_remove_key                         0x0202ba89   Thumb Code    24  kv_impl.o(.text.kv_do_remove_key)
    [Anonymous Symbol]                       0x0202ba88   Section        0  kv_impl.o(.text.kv_do_remove_key)
    kv_flash_repair                          0x0202baa1   Thumb Code   146  kv_impl.o(.text.kv_flash_repair)
    [Anonymous Symbol]                       0x0202baa0   Section        0  kv_impl.o(.text.kv_flash_repair)
    [Anonymous Symbol]                       0x0202bb34   Section        0  kv_impl.o(.text.kv_impl_init)
    kv_reset                                 0x0202bbad   Thumb Code    34  kv_impl.o(.text.kv_reset)
    [Anonymous Symbol]                       0x0202bbac   Section        0  kv_impl.o(.text.kv_reset)
    kv_search                                0x0202bbd1   Thumb Code   230  kv_impl.o(.text.kv_search)
    [Anonymous Symbol]                       0x0202bbd0   Section        0  kv_impl.o(.text.kv_search)
    kv_search_cache                          0x0202bcb9   Thumb Code   104  kv_impl.o(.text.kv_search_cache)
    [Anonymous Symbol]                       0x0202bcb8   Section        0  kv_impl.o(.text.kv_search_cache)
    kv_search_flash                          0x0202bd21   Thumb Code   128  kv_impl.o(.text.kv_search_flash)
    [Anonymous Symbol]                       0x0202bd20   Section        0  kv_impl.o(.text.kv_search_flash)
    kv_visitor_dump                          0x0202bda1   Thumb Code    68  kv_impl.o(.text.kv_visitor_dump)
    [Anonymous Symbol]                       0x0202bda0   Section        0  kv_impl.o(.text.kv_visitor_dump)
    map_int_mode                             0x0202bde5   Thumb Code   142  peripheral_gpio.o(.text.map_int_mode)
    [Anonymous Symbol]                       0x0202bde4   Section        0  peripheral_gpio.o(.text.map_int_mode)
    next_item                                0x0202be75   Thumb Code    26  kv_impl.o(.text.next_item)
    [Anonymous Symbol]                       0x0202be74   Section        0  kv_impl.o(.text.next_item)
    [Anonymous Symbol]                       0x0202be90   Section        0  main.o(.text.on_lle_init)
    [Anonymous Symbol]                       0x0202be9c   Section        0  eflash.o(.text.program_flash)
    [Anonymous Symbol]                       0x0202beb8   Section        0  eflash.o(.text.read_flash_security)
    read_flash_security0                     0x0202bf01   Thumb Code    80  eflash.o(.text.read_flash_security0)
    [Anonymous Symbol]                       0x0202bf00   Section        0  eflash.o(.text.read_flash_security0)
    [Anonymous Symbol]                       0x0202bf50   Section        0  kv_flash.o(.text.read_rest_flash)
    [Anonymous Symbol]                       0x0202bfbc   Section        0  profile.o(.text.reset_timer_callback)
    security_page_read                       0x0202bfc5   Thumb Code     6  eflash.o(.text.security_page_read)
    [Anonymous Symbol]                       0x0202bfc4   Section        0  eflash.o(.text.security_page_read)
    set_reg_bit                              0x0202bfcd   Thumb Code    50  peripheral_sysctrl.o(.text.set_reg_bit)
    [Anonymous Symbol]                       0x0202bfcc   Section        0  peripheral_sysctrl.o(.text.set_reg_bit)
    set_reg_bits                             0x0202c001   Thumb Code    68  peripheral_pinctrl.o(.text.set_reg_bits)
    [Anonymous Symbol]                       0x0202c000   Section        0  peripheral_pinctrl.o(.text.set_reg_bits)
    set_reg_bits                             0x0202c045   Thumb Code    58  peripheral_sysctrl.o(.text.set_reg_bits)
    [Anonymous Symbol]                       0x0202c044   Section        0  peripheral_sysctrl.o(.text.set_reg_bits)
    setup_adv                                0x0202c081   Thumb Code   100  profile.o(.text.setup_adv)
    [Anonymous Symbol]                       0x0202c080   Section        0  profile.o(.text.setup_adv)
    [Anonymous Symbol]                       0x0202c0e4   Section        0  main.o(.text.setup_peripherals)
    [Anonymous Symbol]                       0x0202c12c   Section        0  profile.o(.text.setup_profile)
    source_id_on_pin                         0x0202c1a1   Thumb Code   160  peripheral_pinctrl.o(.text.source_id_on_pin)
    [Anonymous Symbol]                       0x0202c1a0   Section        0  peripheral_pinctrl.o(.text.source_id_on_pin)
    [Anonymous Symbol]                       0x0202c240   Section        0  trace.o(.text.trace_rtt_init)
    user_msg_handler                         0x0202c251   Thumb Code    16  profile.o(.text.user_msg_handler)
    [Anonymous Symbol]                       0x0202c250   Section        0  profile.o(.text.user_msg_handler)
    user_packet_handler                      0x0202c261   Thumb Code   288  profile.o(.text.user_packet_handler)
    [Anonymous Symbol]                       0x0202c260   Section        0  profile.o(.text.user_packet_handler)
    [Anonymous Symbol]                       0x0202c380   Section        0  eflash.o(.text.write_flash)
    [Anonymous Symbol]                       0x0202c3c4   Section        0  eflash.o(.text.write_flash0)
    write_ft_sum                             0x0202c491   Thumb Code    30  eflash.o(.text.write_ft_sum)
    [Anonymous Symbol]                       0x0202c490   Section        0  eflash.o(.text.write_ft_sum)
    i.__scatterload_copy                     0x0202c4ae   Section       14  handlers.o(i.__scatterload_copy)
    i.__scatterload_null                     0x0202c4bc   Section        2  handlers.o(i.__scatterload_null)
    i.__scatterload_zeroinit                 0x0202c4be   Section       14  handlers.o(i.__scatterload_zeroinit)
    adv_sets_en                              0x0202c4cc   Data           6  profile.o(.rodata.adv_sets_en)
    [Anonymous Symbol]                       0x0202c4cc   Section        0  profile.o(.rodata.adv_sets_en)
    evt_cb_table                             0x0202c4d4   Data         104  main.o(.rodata.evt_cb_table)
    [Anonymous Symbol]                       0x0202c4d4   Section        0  main.o(.rodata.evt_cb_table)
    kv_backend                               0x0202c85c   Data          24  kv_impl.o(.rodata.kv_backend)
    [Anonymous Symbol]                       0x0202c85c   Section        0  kv_impl.o(.rodata.kv_backend)
    profile_data                             0x0202c874   Data          85  profile.o(.rodata.profile_data)
    [Anonymous Symbol]                       0x0202c874   Section        0  profile.o(.rodata.profile_data)
    prog_security_page_read                  0x0202c8c9   Data          72  eflash.o(.rodata.prog_security_page_read)
    [Anonymous Symbol]                       0x0202c8c9   Section        0  eflash.o(.rodata.prog_security_page_read)
    scan_data                                0x0202c911   Data           1  profile.o(.rodata.scan_data)
    [Anonymous Symbol]                       0x0202c911   Section        0  profile.o(.rodata.scan_data)
    .L.str                                   0x0202c912   Data         108  main.o(.rodata.str1.1)
    [Anonymous Symbol]                       0x0202c912   Section        0  main.o(.rodata.str1.1)
    .L.str.2                                 0x0202c97e   Data          12  main.o(.rodata.str1.1)
    .L.str.1                                 0x0202c98a   Data          21  main.o(.rodata.str1.1)
    .L.str                                   0x0202c99f   Data          14  profile.o(.rodata.str1.1)
    [Anonymous Symbol]                       0x0202c99f   Section        0  profile.o(.rodata.str1.1)
    .L.str.1                                 0x0202c9ad   Data          12  profile.o(.rodata.str1.1)
    .L.str.4                                 0x0202c9b9   Data          11  profile.o(.rodata.str1.1)
    .L.str.2                                 0x0202c9c4   Data          15  profile.o(.rodata.str1.1)
    .L.str.3                                 0x0202c9d3   Data          12  profile.o(.rodata.str1.1)
    .L.str                                   0x0202c9df   Data          10  kv_flash.o(.rodata.str1.1)
    [Anonymous Symbol]                       0x0202c9df   Section        0  kv_flash.o(.rodata.str1.1)
    .L.str.2                                 0x0202c9e9   Data          12  kv_flash.o(.rodata.str1.1)
    .L.str.1                                 0x0202c9f5   Data          12  kv_flash.o(.rodata.str1.1)
    .L.str                                   0x0202ca01   Data          26  trace.o(.rodata.str1.1)
    .L.str.8                                 0x0202ca01   Data           7  trace.o(.rodata.str1.1)
    [Anonymous Symbol]                       0x0202ca01   Section        0  trace.o(.rodata.str1.1)
    .L.str.7                                 0x0202ca08   Data           4  trace.o(.rodata.str1.1)
    .L.str.6                                 0x0202ca0c   Data           9  trace.o(.rodata.str1.1)
    user_packet_handler.rand_addr            0x0202ca15   Data           6  profile.o(.rodata.user_packet_handler.rand_addr)
    [Anonymous Symbol]                       0x0202ca15   Section        0  profile.o(.rodata.user_packet_handler.rand_addr)
    .L.str.1                                 0x0202ca1b   Data           6  trace.o(.rodata.str1.1)
    .L.str.2                                 0x0202ca21   Data          10  trace.o(.rodata.str1.1)
    .L.str.3                                 0x0202ca2b   Data          10  trace.o(.rodata.str1.1)
    .L.str.4                                 0x0202ca35   Data          10  trace.o(.rodata.str1.1)
    .L.str.5                                 0x0202ca3f   Data          10  trace.o(.rodata.str1.1)
    _acDownBuffer                            0x20005470   Data          16  trace.o(.bss._acDownBuffer)
    [Anonymous Symbol]                       0x20005470   Section        0  trace.o(.bss._acDownBuffer)
    _acUpBuffer                              0x20005480   Data         500  trace.o(.bss._acUpBuffer)
    [Anonymous Symbol]                       0x20005480   Section        0  trace.o(.bss._acUpBuffer)
    hci_event_callback_registration          0x20005674   Data           8  profile.o(.bss.hci_event_callback_registration)
    [Anonymous Symbol]                       0x20005674   Section        0  profile.o(.bss.hci_event_callback_registration)
    kv_storage_tail                          0x2000580c   Data           4  kv_impl.o(.bss.kv_storage_tail)
    [Anonymous Symbol]                       0x2000580c   Section        0  kv_impl.o(.bss.kv_storage_tail)
    STACK                                    0x20005818   Section        4  startup_ing91600.o(STACK)

    Global Symbols

    Symbol Name                              Value     Ov Type        Size  Object(Section)

    BuildAttributes$$THM_ISAv4$E$P$D$K$B$S$7EM$VFPi3$EXTD16$VFPS$VFMA$PE$A:L22UL41UL21$X:L11$S22US41US21$IEEE1$IW$~IW$USESV6$~STKCKD$USESV7$~SHL$OTIME$ROPI$EBA8$MICROLIB$REQ8$PRES8$EABIv2 0x00000000   Number         0  anon$$obj.o ABSOLUTE
    __cpp_initialize__aeabi_                  - Undefined Weak Reference
    __cxa_finalize                            - Undefined Weak Reference
    __decompress                              - Undefined Weak Reference
    _clock_init                               - Undefined Weak Reference
    _microlib_exit                            - Undefined Weak Reference
    platform_call_on_stack                   0x020030fb   Thumb Code     0  symdefs.m ABSOLUTE
    att_dispatch_client_can_send_now         0x020053f1   Thumb Code     0  symdefs.m ABSOLUTE
    att_dispatch_client_request_can_send_now_event 0x020053f7   Thumb Code     0  symdefs.m ABSOLUTE
    att_dispatch_register_client             0x020053fd   Thumb Code     0  symdefs.m ABSOLUTE
    att_dispatch_register_server             0x02005411   Thumb Code     0  symdefs.m ABSOLUTE
    att_dispatch_server_can_send_now         0x02005425   Thumb Code     0  symdefs.m ABSOLUTE
    att_dispatch_server_request_can_send_now_event 0x0200542b   Thumb Code     0  symdefs.m ABSOLUTE
    att_emit_general_event                   0x020054dd   Thumb Code     0  symdefs.m ABSOLUTE
    att_server_can_send_packet_now           0x02005c49   Thumb Code     0  symdefs.m ABSOLUTE
    att_server_deferred_read_response        0x02005c4d   Thumb Code     0  symdefs.m ABSOLUTE
    att_server_get_mtu                       0x02005c65   Thumb Code     0  symdefs.m ABSOLUTE
    att_server_indicate                      0x02005cdd   Thumb Code     0  symdefs.m ABSOLUTE
    att_server_init                          0x02005d61   Thumb Code     0  symdefs.m ABSOLUTE
    att_server_notify                        0x02005d9d   Thumb Code     0  symdefs.m ABSOLUTE
    att_server_register_packet_handler       0x02005eb5   Thumb Code     0  symdefs.m ABSOLUTE
    att_server_request_can_send_now_event    0x02005ee7   Thumb Code     0  symdefs.m ABSOLUTE
    att_set_db                               0x02005f03   Thumb Code     0  symdefs.m ABSOLUTE
    att_set_read_callback                    0x02005f15   Thumb Code     0  symdefs.m ABSOLUTE
    att_set_write_callback                   0x02005f21   Thumb Code     0  symdefs.m ABSOLUTE
    bd_addr_cmp                              0x0200611b   Thumb Code     0  symdefs.m ABSOLUTE
    bd_addr_copy                             0x02006121   Thumb Code     0  symdefs.m ABSOLUTE
    bd_addr_to_str                           0x0200612d   Thumb Code     0  symdefs.m ABSOLUTE
    big_endian_read_16                       0x02006165   Thumb Code     0  symdefs.m ABSOLUTE
    big_endian_read_32                       0x0200616d   Thumb Code     0  symdefs.m ABSOLUTE
    big_endian_store_16                      0x02006181   Thumb Code     0  symdefs.m ABSOLUTE
    big_endian_store_32                      0x0200618d   Thumb Code     0  symdefs.m ABSOLUTE
    btstack_config                           0x020062ed   Thumb Code     0  symdefs.m ABSOLUTE
    btstack_get_capabilities                 0x020062f9   Thumb Code     0  symdefs.m ABSOLUTE
    btstack_memory_pool_create               0x02006443   Thumb Code     0  symdefs.m ABSOLUTE
    btstack_memory_pool_free                 0x0200646d   Thumb Code     0  symdefs.m ABSOLUTE
    btstack_memory_pool_get                  0x020064cd   Thumb Code     0  symdefs.m ABSOLUTE
    btstack_push_user_msg                    0x02006535   Thumb Code     0  symdefs.m ABSOLUTE
    btstack_push_user_runnable               0x02006541   Thumb Code     0  symdefs.m ABSOLUTE
    btstack_reset                            0x0200654d   Thumb Code     0  symdefs.m ABSOLUTE
    char_for_nibble                          0x02006847   Thumb Code     0  symdefs.m ABSOLUTE
    eTaskConfirmSleepModeStatus              0x02006bc9   Thumb Code     0  symdefs.m ABSOLUTE
    gap_add_dev_to_periodic_list             0x0200725d   Thumb Code     0  symdefs.m ABSOLUTE
    gap_add_whitelist                        0x0200726d   Thumb Code     0  symdefs.m ABSOLUTE
    gap_aes_encrypt                          0x02007279   Thumb Code     0  symdefs.m ABSOLUTE
    gap_clear_white_lists                    0x020072b1   Thumb Code     0  symdefs.m ABSOLUTE
    gap_clr_adv_set                          0x020072bd   Thumb Code     0  symdefs.m ABSOLUTE
    gap_clr_periodic_adv_list                0x020072c9   Thumb Code     0  symdefs.m ABSOLUTE
    gap_create_connection_cancel             0x020072d5   Thumb Code     0  symdefs.m ABSOLUTE
    gap_default_periodic_adv_sync_transfer_param 0x020072e1   Thumb Code     0  symdefs.m ABSOLUTE
    gap_disconnect                           0x020072f9   Thumb Code     0  symdefs.m ABSOLUTE
    gap_disconnect2                          0x02007301   Thumb Code     0  symdefs.m ABSOLUTE
    gap_disconnect_all                       0x0200732d   Thumb Code     0  symdefs.m ABSOLUTE
    gap_ext_create_connection                0x0200736d   Thumb Code     0  symdefs.m ABSOLUTE
    gap_get_connection_parameter_range       0x02007445   Thumb Code     0  symdefs.m ABSOLUTE
    gap_le_read_channel_map                  0x0200747d   Thumb Code     0  symdefs.m ABSOLUTE
    gap_periodic_adv_create_sync             0x020074dd   Thumb Code     0  symdefs.m ABSOLUTE
    gap_periodic_adv_create_sync_cancel      0x02007501   Thumb Code     0  symdefs.m ABSOLUTE
    gap_periodic_adv_set_info_transfer       0x0200750d   Thumb Code     0  symdefs.m ABSOLUTE
    gap_periodic_adv_sync_transfer           0x0200751d   Thumb Code     0  symdefs.m ABSOLUTE
    gap_periodic_adv_sync_transfer_param     0x0200752d   Thumb Code     0  symdefs.m ABSOLUTE
    gap_periodic_adv_term_sync               0x02007549   Thumb Code     0  symdefs.m ABSOLUTE
    gap_read_antenna_info                    0x020075d1   Thumb Code     0  symdefs.m ABSOLUTE
    gap_read_periodic_adv_list_size          0x020075dd   Thumb Code     0  symdefs.m ABSOLUTE
    gap_read_phy                             0x020075e9   Thumb Code     0  symdefs.m ABSOLUTE
    gap_read_remote_used_features            0x020075f5   Thumb Code     0  symdefs.m ABSOLUTE
    gap_read_remote_version                  0x02007601   Thumb Code     0  symdefs.m ABSOLUTE
    gap_read_rssi                            0x0200760d   Thumb Code     0  symdefs.m ABSOLUTE
    gap_read_white_lists_size                0x02007619   Thumb Code     0  symdefs.m ABSOLUTE
    gap_remove_whitelist                     0x02007625   Thumb Code     0  symdefs.m ABSOLUTE
    gap_rmv_adv_set                          0x020076a1   Thumb Code     0  symdefs.m ABSOLUTE
    gap_rmv_dev_from_periodic_list           0x020076ad   Thumb Code     0  symdefs.m ABSOLUTE
    gap_rx_test_v2                           0x020076bd   Thumb Code     0  symdefs.m ABSOLUTE
    gap_rx_test_v3                           0x020076cd   Thumb Code     0  symdefs.m ABSOLUTE
    gap_set_adv_set_random_addr              0x02007719   Thumb Code     0  symdefs.m ABSOLUTE
    gap_set_callback_for_next_hci            0x0200773d   Thumb Code     0  symdefs.m ABSOLUTE
    gap_set_connection_cte_request_enable    0x0200775d   Thumb Code     0  symdefs.m ABSOLUTE
    gap_set_connection_cte_response_enable   0x02007779   Thumb Code     0  symdefs.m ABSOLUTE
    gap_set_connection_cte_rx_param          0x02007789   Thumb Code     0  symdefs.m ABSOLUTE
    gap_set_connection_cte_tx_param          0x020077dd   Thumb Code     0  symdefs.m ABSOLUTE
    gap_set_connection_parameter_range       0x02007829   Thumb Code     0  symdefs.m ABSOLUTE
    gap_set_connectionless_cte_tx_enable     0x02007841   Thumb Code     0  symdefs.m ABSOLUTE
    gap_set_connectionless_cte_tx_param      0x02007851   Thumb Code     0  symdefs.m ABSOLUTE
    gap_set_connectionless_iq_sampling_enable 0x020078ad   Thumb Code     0  symdefs.m ABSOLUTE
    gap_set_data_length                      0x02007909   Thumb Code     0  symdefs.m ABSOLUTE
    gap_set_def_phy                          0x02007921   Thumb Code     0  symdefs.m ABSOLUTE
    gap_set_ext_adv_data                     0x02007931   Thumb Code     0  symdefs.m ABSOLUTE
    gap_set_ext_adv_enable                   0x02007949   Thumb Code     0  symdefs.m ABSOLUTE
    gap_set_ext_adv_para                     0x020079b9   Thumb Code     0  symdefs.m ABSOLUTE
    gap_set_ext_scan_enable                  0x02007a79   Thumb Code     0  symdefs.m ABSOLUTE
    gap_set_ext_scan_para                    0x02007a91   Thumb Code     0  symdefs.m ABSOLUTE
    gap_set_ext_scan_response_data           0x02007b31   Thumb Code     0  symdefs.m ABSOLUTE
    gap_set_host_channel_classification      0x02007b49   Thumb Code     0  symdefs.m ABSOLUTE
    gap_set_periodic_adv_data                0x02007b59   Thumb Code     0  symdefs.m ABSOLUTE
    gap_set_periodic_adv_enable              0x02007bc9   Thumb Code     0  symdefs.m ABSOLUTE
    gap_set_periodic_adv_para                0x02007bd9   Thumb Code     0  symdefs.m ABSOLUTE
    gap_set_periodic_adv_rx_enable           0x02007bf1   Thumb Code     0  symdefs.m ABSOLUTE
    gap_set_phy                              0x02007c01   Thumb Code     0  symdefs.m ABSOLUTE
    gap_set_random_device_address            0x02007c1d   Thumb Code     0  symdefs.m ABSOLUTE
    gap_start_ccm                            0x02007c39   Thumb Code     0  symdefs.m ABSOLUTE
    gap_test_end                             0x02007c81   Thumb Code     0  symdefs.m ABSOLUTE
    gap_tx_test_v2                           0x02007c8d   Thumb Code     0  symdefs.m ABSOLUTE
    gap_tx_test_v4                           0x02007ca5   Thumb Code     0  symdefs.m ABSOLUTE
    gap_update_connection_parameters         0x02007cc9   Thumb Code     0  symdefs.m ABSOLUTE
    gap_vendor_tx_continuous_wave            0x02007d0d   Thumb Code     0  symdefs.m ABSOLUTE
    gatt_client_cancel_write                 0x020081d9   Thumb Code     0  symdefs.m ABSOLUTE
    gatt_client_discover_characteristic_descriptors 0x020081fb   Thumb Code     0  symdefs.m ABSOLUTE
    gatt_client_discover_characteristics_for_handle_range_by_uuid128 0x02008245   Thumb Code     0  symdefs.m ABSOLUTE
    gatt_client_discover_characteristics_for_handle_range_by_uuid16 0x02008289   Thumb Code     0  symdefs.m ABSOLUTE
    gatt_client_discover_characteristics_for_service 0x020082cb   Thumb Code     0  symdefs.m ABSOLUTE
    gatt_client_discover_primary_services    0x020082fd   Thumb Code     0  symdefs.m ABSOLUTE
    gatt_client_discover_primary_services_by_uuid128 0x0200832b   Thumb Code     0  symdefs.m ABSOLUTE
    gatt_client_discover_primary_services_by_uuid16 0x02008369   Thumb Code     0  symdefs.m ABSOLUTE
    gatt_client_exchange_mtu_request         0x020083a3   Thumb Code     0  symdefs.m ABSOLUTE
    gatt_client_execute_write                0x020083d1   Thumb Code     0  symdefs.m ABSOLUTE
    gatt_client_find_included_services_for_service 0x020083f3   Thumb Code     0  symdefs.m ABSOLUTE
    gatt_client_get_mtu                      0x0200841d   Thumb Code     0  symdefs.m ABSOLUTE
    gatt_client_is_ready                     0x020084e9   Thumb Code     0  symdefs.m ABSOLUTE
    gatt_client_listen_for_characteristic_value_updates 0x020084ff   Thumb Code     0  symdefs.m ABSOLUTE
    gatt_client_prepare_write                0x02008521   Thumb Code     0  symdefs.m ABSOLUTE
    gatt_client_read_characteristic_descriptor_using_descriptor_handle 0x02008559   Thumb Code     0  symdefs.m ABSOLUTE
    gatt_client_read_long_characteristic_descriptor_using_descriptor_handle 0x0200857f   Thumb Code     0  symdefs.m ABSOLUTE
    gatt_client_read_long_characteristic_descriptor_using_descriptor_handle_with_offset 0x02008585   Thumb Code     0  symdefs.m ABSOLUTE
    gatt_client_read_long_value_of_characteristic_using_value_handle 0x020085af   Thumb Code     0  symdefs.m ABSOLUTE
    gatt_client_read_long_value_of_characteristic_using_value_handle_with_offset 0x020085b5   Thumb Code     0  symdefs.m ABSOLUTE
    gatt_client_read_multiple_characteristic_values 0x020085df   Thumb Code     0  symdefs.m ABSOLUTE
    gatt_client_read_value_of_characteristic_using_value_handle 0x0200860b   Thumb Code     0  symdefs.m ABSOLUTE
    gatt_client_read_value_of_characteristics_by_uuid128 0x02008635   Thumb Code     0  symdefs.m ABSOLUTE
    gatt_client_read_value_of_characteristics_by_uuid16 0x02008675   Thumb Code     0  symdefs.m ABSOLUTE
    gatt_client_register_handler             0x020086b1   Thumb Code     0  symdefs.m ABSOLUTE
    gatt_client_reliable_write_long_value_of_characteristic 0x020086bd   Thumb Code     0  symdefs.m ABSOLUTE
    gatt_client_signed_write_without_response 0x02008ae9   Thumb Code     0  symdefs.m ABSOLUTE
    gatt_client_write_characteristic_descriptor_using_descriptor_handle 0x02008c1d   Thumb Code     0  symdefs.m ABSOLUTE
    gatt_client_write_client_characteristic_configuration 0x02008c4f   Thumb Code     0  symdefs.m ABSOLUTE
    gatt_client_write_long_characteristic_descriptor_using_descriptor_handle 0x02008ca7   Thumb Code     0  symdefs.m ABSOLUTE
    gatt_client_write_long_characteristic_descriptor_using_descriptor_handle_with_offset 0x02008cb7   Thumb Code     0  symdefs.m ABSOLUTE
    gatt_client_write_long_value_of_characteristic 0x02008cef   Thumb Code     0  symdefs.m ABSOLUTE
    gatt_client_write_long_value_of_characteristic_with_offset 0x02008cff   Thumb Code     0  symdefs.m ABSOLUTE
    gatt_client_write_value_of_characteristic 0x02008d37   Thumb Code     0  symdefs.m ABSOLUTE
    gatt_client_write_value_of_characteristic_without_response 0x02008d65   Thumb Code     0  symdefs.m ABSOLUTE
    hci_add_event_handler                    0x0200a33d   Thumb Code     0  symdefs.m ABSOLUTE
    hci_power_control                        0x0200aaed   Thumb Code     0  symdefs.m ABSOLUTE
    hci_register_acl_packet_handler          0x0200aca1   Thumb Code     0  symdefs.m ABSOLUTE
    kv_commit                                0x0200b39d   Thumb Code     0  symdefs.m ABSOLUTE
    kv_get                                   0x0200b3f9   Thumb Code     0  symdefs.m ABSOLUTE
    kv_init                                  0x0200b405   Thumb Code     0  symdefs.m ABSOLUTE
    kv_init_backend                          0x0200b485   Thumb Code     0  symdefs.m ABSOLUTE
    kv_put                                   0x0200b499   Thumb Code     0  symdefs.m ABSOLUTE
    kv_remove                                0x0200b4a5   Thumb Code     0  symdefs.m ABSOLUTE
    kv_remove_all                            0x0200b4dd   Thumb Code     0  symdefs.m ABSOLUTE
    kv_value_modified                        0x0200b50d   Thumb Code     0  symdefs.m ABSOLUTE
    kv_value_modified_of_key                 0x0200b529   Thumb Code     0  symdefs.m ABSOLUTE
    kv_visit                                 0x0200b535   Thumb Code     0  symdefs.m ABSOLUTE
    l2cap_add_event_handler                  0x0200b5c5   Thumb Code     0  symdefs.m ABSOLUTE
    l2cap_can_send_packet_now                0x0200b5d5   Thumb Code     0  symdefs.m ABSOLUTE
    l2cap_create_le_credit_based_connection_request 0x0200b799   Thumb Code     0  symdefs.m ABSOLUTE
    l2cap_credit_based_send                  0x0200b8e1   Thumb Code     0  symdefs.m ABSOLUTE
    l2cap_credit_based_send_continue         0x0200b90d   Thumb Code     0  symdefs.m ABSOLUTE
    l2cap_disconnect                         0x0200b989   Thumb Code     0  symdefs.m ABSOLUTE
    l2cap_get_le_credit_based_connection_credits 0x0200bb6d   Thumb Code     0  symdefs.m ABSOLUTE
    l2cap_get_peer_mtu_for_local_cid         0x0200bb89   Thumb Code     0  symdefs.m ABSOLUTE
    l2cap_init                               0x0200bfa1   Thumb Code     0  symdefs.m ABSOLUTE
    l2cap_le_send_flow_control_credit        0x0200c149   Thumb Code     0  symdefs.m ABSOLUTE
    l2cap_max_le_mtu                         0x0200c449   Thumb Code     0  symdefs.m ABSOLUTE
    l2cap_register_packet_handler            0x0200c571   Thumb Code     0  symdefs.m ABSOLUTE
    l2cap_register_service                   0x0200c57d   Thumb Code     0  symdefs.m ABSOLUTE
    l2cap_request_can_send_now_event         0x0200c691   Thumb Code     0  symdefs.m ABSOLUTE
    l2cap_request_connection_parameter_update 0x0200c6ab   Thumb Code     0  symdefs.m ABSOLUTE
    l2cap_send_echo_request                  0x0200cb79   Thumb Code     0  symdefs.m ABSOLUTE
    l2cap_unregister_service                 0x0200cc59   Thumb Code     0  symdefs.m ABSOLUTE
    le_device_db_add                         0x0200ccb1   Thumb Code     0  symdefs.m ABSOLUTE
    le_device_db_find                        0x0200cd89   Thumb Code     0  symdefs.m ABSOLUTE
    le_device_db_from_key                    0x0200cdb5   Thumb Code     0  symdefs.m ABSOLUTE
    le_device_db_iter_cur                    0x0200cdbd   Thumb Code     0  symdefs.m ABSOLUTE
    le_device_db_iter_cur_key                0x0200cdc1   Thumb Code     0  symdefs.m ABSOLUTE
    le_device_db_iter_init                   0x0200cdc5   Thumb Code     0  symdefs.m ABSOLUTE
    le_device_db_iter_next                   0x0200cdcd   Thumb Code     0  symdefs.m ABSOLUTE
    le_device_db_remove_key                  0x0200cdf3   Thumb Code     0  symdefs.m ABSOLUTE
    ll_adjust_conn_peer_tx_power             0x0200ce21   Thumb Code     0  symdefs.m ABSOLUTE
    ll_aes_encrypt                           0x0200ce4d   Thumb Code     0  symdefs.m ABSOLUTE
    ll_config                                0x0200cec1   Thumb Code     0  symdefs.m ABSOLUTE
    ll_free                                  0x0200ceff   Thumb Code     0  symdefs.m ABSOLUTE
    ll_get_capabilities                      0x0200cf09   Thumb Code     0  symdefs.m ABSOLUTE
    ll_get_heap_free_size                    0x0200cf25   Thumb Code     0  symdefs.m ABSOLUTE
    ll_get_states                            0x0200cf35   Thumb Code     0  symdefs.m ABSOLUTE
    ll_hint_on_ce_len                        0x0200cff1   Thumb Code     0  symdefs.m ABSOLUTE
    ll_legacy_adv_set_interval               0x0200d029   Thumb Code     0  symdefs.m ABSOLUTE
    ll_malloc                                0x0200d039   Thumb Code     0  symdefs.m ABSOLUTE
    ll_register_hci_acl_previewer            0x0200d151   Thumb Code     0  symdefs.m ABSOLUTE
    ll_scan_set_fixed_channel                0x0200d1b5   Thumb Code     0  symdefs.m ABSOLUTE
    ll_set_adv_access_address                0x0200d3cd   Thumb Code     0  symdefs.m ABSOLUTE
    ll_set_adv_coded_scheme                  0x0200d3d9   Thumb Code     0  symdefs.m ABSOLUTE
    ll_set_conn_acl_report_latency           0x0200d411   Thumb Code     0  symdefs.m ABSOLUTE
    ll_set_conn_coded_scheme                 0x0200d441   Thumb Code     0  symdefs.m ABSOLUTE
    ll_set_conn_latency                      0x0200d46d   Thumb Code     0  symdefs.m ABSOLUTE
    ll_set_conn_tx_power                     0x0200d49d   Thumb Code     0  symdefs.m ABSOLUTE
    ll_set_def_antenna                       0x0200d4d9   Thumb Code     0  symdefs.m ABSOLUTE
    ll_set_initiating_coded_scheme           0x0200d4f9   Thumb Code     0  symdefs.m ABSOLUTE
    ll_set_max_conn_number                   0x0200d505   Thumb Code     0  symdefs.m ABSOLUTE
    ll_set_tx_power_range                    0x0200d599   Thumb Code     0  symdefs.m ABSOLUTE
    nibble_for_char                          0x02020321   Thumb Code     0  symdefs.m ABSOLUTE
    platform_calibrate_rt_clk                0x020203cb   Thumb Code     0  symdefs.m ABSOLUTE
    platform_cancel_us_timer                 0x020203cf   Thumb Code     0  symdefs.m ABSOLUTE
    platform_config                          0x020203e5   Thumb Code     0  symdefs.m ABSOLUTE
    platform_create_us_timer                 0x02020521   Thumb Code     0  symdefs.m ABSOLUTE
    platform_delete_timer                    0x02020535   Thumb Code     0  symdefs.m ABSOLUTE
    platform_enable_irq                      0x0202053d   Thumb Code     0  symdefs.m ABSOLUTE
    platform_get_current_task                0x02020571   Thumb Code     0  symdefs.m ABSOLUTE
    platform_get_gen_os_driver               0x02020595   Thumb Code     0  symdefs.m ABSOLUTE
    platform_get_heap_status                 0x0202059d   Thumb Code     0  symdefs.m ABSOLUTE
    platform_get_link_layer_interf           0x020205b5   Thumb Code     0  symdefs.m ABSOLUTE
    platform_get_task_handle                 0x020205bd   Thumb Code     0  symdefs.m ABSOLUTE
    platform_get_timer_counter               0x020205dd   Thumb Code     0  symdefs.m ABSOLUTE
    platform_get_us_time                     0x020205e1   Thumb Code     0  symdefs.m ABSOLUTE
    platform_get_version                     0x020205e5   Thumb Code     0  symdefs.m ABSOLUTE
    platform_hrng                            0x02020601   Thumb Code     0  symdefs.m ABSOLUTE
    platform_install_isr_stack               0x02020609   Thumb Code     0  symdefs.m ABSOLUTE
    platform_install_task_stack              0x02020615   Thumb Code     0  symdefs.m ABSOLUTE
    platform_patch_rf_init_data              0x0202064d   Thumb Code     0  symdefs.m ABSOLUTE
    platform_printf                          0x02020659   Thumb Code     0  symdefs.m ABSOLUTE
    platform_raise_assertion                 0x0202066d   Thumb Code     0  symdefs.m ABSOLUTE
    platform_rand                            0x02020681   Thumb Code     0  symdefs.m ABSOLUTE
    platform_read_info                       0x02020685   Thumb Code     0  symdefs.m ABSOLUTE
    platform_read_persistent_reg             0x020206b5   Thumb Code     0  symdefs.m ABSOLUTE
    platform_reset                           0x020206d5   Thumb Code     0  symdefs.m ABSOLUTE
    platform_rt_rc_auto_tune                 0x020206e9   Thumb Code     0  symdefs.m ABSOLUTE
    platform_rt_rc_auto_tune2                0x020206f1   Thumb Code     0  symdefs.m ABSOLUTE
    platform_rt_rc_tune                      0x02020751   Thumb Code     0  symdefs.m ABSOLUTE
    platform_set_abs_timer                   0x0202077d   Thumb Code     0  symdefs.m ABSOLUTE
    platform_set_evt_callback                0x02020781   Thumb Code     0  symdefs.m ABSOLUTE
    platform_set_evt_callback_table          0x02020795   Thumb Code     0  symdefs.m ABSOLUTE
    platform_set_irq_callback                0x020207a1   Thumb Code     0  symdefs.m ABSOLUTE
    platform_set_irq_callback_table          0x020207bd   Thumb Code     0  symdefs.m ABSOLUTE
    platform_set_rf_clk_source               0x020207c9   Thumb Code     0  symdefs.m ABSOLUTE
    platform_set_rf_init_data                0x020207d5   Thumb Code     0  symdefs.m ABSOLUTE
    platform_set_rf_power_mapping            0x020207e1   Thumb Code     0  symdefs.m ABSOLUTE
    platform_set_timer                       0x020207ed   Thumb Code     0  symdefs.m ABSOLUTE
    platform_shutdown                        0x020207f1   Thumb Code     0  symdefs.m ABSOLUTE
    platform_switch_app                      0x020207f5   Thumb Code     0  symdefs.m ABSOLUTE
    platform_trace_raw                       0x0202080d   Thumb Code     0  symdefs.m ABSOLUTE
    platform_write_persistent_reg            0x02020825   Thumb Code     0  symdefs.m ABSOLUTE
    printf_hexdump                           0x020209fd   Thumb Code     0  symdefs.m ABSOLUTE
    pvPortMalloc                             0x02021491   Thumb Code     0  symdefs.m ABSOLUTE
    pvTaskIncrementMutexHeldCount            0x02021579   Thumb Code     0  symdefs.m ABSOLUTE
    pvTimerGetTimerID                        0x02021591   Thumb Code     0  symdefs.m ABSOLUTE
    pxPortInitialiseStack                    0x020215bd   Thumb Code     0  symdefs.m ABSOLUTE
    reverse_128                              0x0202181d   Thumb Code     0  symdefs.m ABSOLUTE
    reverse_24                               0x02021823   Thumb Code     0  symdefs.m ABSOLUTE
    reverse_256                              0x02021829   Thumb Code     0  symdefs.m ABSOLUTE
    reverse_48                               0x0202182f   Thumb Code     0  symdefs.m ABSOLUTE
    reverse_56                               0x02021835   Thumb Code     0  symdefs.m ABSOLUTE
    reverse_64                               0x0202183b   Thumb Code     0  symdefs.m ABSOLUTE
    reverse_bd_addr                          0x02021841   Thumb Code     0  symdefs.m ABSOLUTE
    reverse_bytes                            0x02021847   Thumb Code     0  symdefs.m ABSOLUTE
    sm_add_event_handler                     0x02021ba5   Thumb Code     0  symdefs.m ABSOLUTE
    sm_address_resolution_lookup             0x02021cfd   Thumb Code     0  symdefs.m ABSOLUTE
    sm_authenticated                         0x020220b5   Thumb Code     0  symdefs.m ABSOLUTE
    sm_authorization_decline                 0x020220c3   Thumb Code     0  symdefs.m ABSOLUTE
    sm_authorization_grant                   0x020220e3   Thumb Code     0  symdefs.m ABSOLUTE
    sm_authorization_state                   0x02022103   Thumb Code     0  symdefs.m ABSOLUTE
    sm_bonding_decline                       0x0202211d   Thumb Code     0  symdefs.m ABSOLUTE
    sm_config                                0x02022571   Thumb Code     0  symdefs.m ABSOLUTE
    sm_config_conn                           0x020225ad   Thumb Code     0  symdefs.m ABSOLUTE
    sm_encryption_key_size                   0x02022767   Thumb Code     0  symdefs.m ABSOLUTE
    sm_just_works_confirm                    0x02022d1d   Thumb Code     0  symdefs.m ABSOLUTE
    sm_le_device_key                         0x02023071   Thumb Code     0  symdefs.m ABSOLUTE
    sm_passkey_input                         0x02023107   Thumb Code     0  symdefs.m ABSOLUTE
    sm_private_random_address_generation_get 0x020234d1   Thumb Code     0  symdefs.m ABSOLUTE
    sm_private_random_address_generation_get_mode 0x020234d9   Thumb Code     0  symdefs.m ABSOLUTE
    sm_private_random_address_generation_set_mode 0x020234e5   Thumb Code     0  symdefs.m ABSOLUTE
    sm_private_random_address_generation_set_update_period 0x0202350d   Thumb Code     0  symdefs.m ABSOLUTE
    sm_register_external_ltk_callback        0x02023649   Thumb Code     0  symdefs.m ABSOLUTE
    sm_register_oob_data_callback            0x02023655   Thumb Code     0  symdefs.m ABSOLUTE
    sm_request_pairing                       0x02023661   Thumb Code     0  symdefs.m ABSOLUTE
    sm_send_security_request                 0x0202415b   Thumb Code     0  symdefs.m ABSOLUTE
    sm_set_accepted_stk_generation_methods   0x02024181   Thumb Code     0  symdefs.m ABSOLUTE
    sm_set_authentication_requirements       0x0202418d   Thumb Code     0  symdefs.m ABSOLUTE
    sm_set_encryption_key_size_range         0x0202419d   Thumb Code     0  symdefs.m ABSOLUTE
    sm_set_key_distribution_flags            0x020241a9   Thumb Code     0  symdefs.m ABSOLUTE
    sm_set_persistent_irk                    0x020241b5   Thumb Code     0  symdefs.m ABSOLUTE
    sscanf_bd_addr                           0x02024509   Thumb Code     0  symdefs.m ABSOLUTE
    sysSetPublicDeviceAddr                   0x02024ae1   Thumb Code     0  symdefs.m ABSOLUTE
    uuid128_to_str                           0x020253a5   Thumb Code     0  symdefs.m ABSOLUTE
    uuid_add_bluetooth_prefix                0x020253fd   Thumb Code     0  symdefs.m ABSOLUTE
    uuid_has_bluetooth_prefix                0x0202541d   Thumb Code     0  symdefs.m ABSOLUTE
    uxListRemove                             0x02025439   Thumb Code     0  symdefs.m ABSOLUTE
    uxQueueMessagesWaiting                   0x02025461   Thumb Code     0  symdefs.m ABSOLUTE
    uxQueueMessagesWaitingFromISR            0x02025489   Thumb Code     0  symdefs.m ABSOLUTE
    uxQueueSpacesAvailable                   0x020254a5   Thumb Code     0  symdefs.m ABSOLUTE
    uxTaskGetStackHighWaterMark              0x020254d1   Thumb Code     0  symdefs.m ABSOLUTE
    uxTaskPriorityGet                        0x020254f1   Thumb Code     0  symdefs.m ABSOLUTE
    uxTaskPriorityGetFromISR                 0x0202550d   Thumb Code     0  symdefs.m ABSOLUTE
    vListInitialise                          0x020255d3   Thumb Code     0  symdefs.m ABSOLUTE
    vListInitialiseItem                      0x020255e9   Thumb Code     0  symdefs.m ABSOLUTE
    vListInsert                              0x020255ef   Thumb Code     0  symdefs.m ABSOLUTE
    vListInsertEnd                           0x0202561f   Thumb Code     0  symdefs.m ABSOLUTE
    vPortEndScheduler                        0x02025639   Thumb Code     0  symdefs.m ABSOLUTE
    vPortEnterCritical                       0x02025665   Thumb Code     0  symdefs.m ABSOLUTE
    vPortExitCritical                        0x020256a9   Thumb Code     0  symdefs.m ABSOLUTE
    vPortFree                                0x020256dd   Thumb Code     0  symdefs.m ABSOLUTE
    vPortSuppressTicksAndSleep               0x02025781   Thumb Code     0  symdefs.m ABSOLUTE
    vPortValidateInterruptPriority           0x020258a9   Thumb Code     0  symdefs.m ABSOLUTE
    vQueueDelete                             0x02025905   Thumb Code     0  symdefs.m ABSOLUTE
    vQueueWaitForMessageRestricted           0x02025931   Thumb Code     0  symdefs.m ABSOLUTE
    vTaskDelay                               0x02025975   Thumb Code     0  symdefs.m ABSOLUTE
    vTaskInternalSetTimeOutState             0x020259c1   Thumb Code     0  symdefs.m ABSOLUTE
    vTaskMissedYield                         0x020259d1   Thumb Code     0  symdefs.m ABSOLUTE
    vTaskPlaceOnEventList                    0x020259dd   Thumb Code     0  symdefs.m ABSOLUTE
    vTaskPlaceOnEventListRestricted          0x02025a15   Thumb Code     0  symdefs.m ABSOLUTE
    vTaskPriorityDisinheritAfterTimeout      0x02025a55   Thumb Code     0  symdefs.m ABSOLUTE
    vTaskPrioritySet                         0x02025b01   Thumb Code     0  symdefs.m ABSOLUTE
    vTaskResume                              0x02025bc9   Thumb Code     0  symdefs.m ABSOLUTE
    vTaskStartScheduler                      0x02025c4d   Thumb Code     0  symdefs.m ABSOLUTE
    vTaskStepTick                            0x02025cdd   Thumb Code     0  symdefs.m ABSOLUTE
    vTaskSuspend                             0x02025d0d   Thumb Code     0  symdefs.m ABSOLUTE
    vTaskSuspendAll                          0x02025dc9   Thumb Code     0  symdefs.m ABSOLUTE
    vTaskSwitchContext                       0x02025dd9   Thumb Code     0  symdefs.m ABSOLUTE
    xPortStartScheduler                      0x02025e81   Thumb Code     0  symdefs.m ABSOLUTE
    xQueueAddToSet                           0x02025f85   Thumb Code     0  symdefs.m ABSOLUTE
    xQueueCreateCountingSemaphore            0x02025fa9   Thumb Code     0  symdefs.m ABSOLUTE
    xQueueCreateCountingSemaphoreStatic      0x02025fe5   Thumb Code     0  symdefs.m ABSOLUTE
    xQueueCreateMutex                        0x02026029   Thumb Code     0  symdefs.m ABSOLUTE
    xQueueCreateMutexStatic                  0x0202603f   Thumb Code     0  symdefs.m ABSOLUTE
    xQueueCreateSet                          0x02026059   Thumb Code     0  symdefs.m ABSOLUTE
    xQueueGenericCreate                      0x02026061   Thumb Code     0  symdefs.m ABSOLUTE
    xQueueGenericCreateStatic                0x020260ad   Thumb Code     0  symdefs.m ABSOLUTE
    xQueueGenericReset                       0x02026115   Thumb Code     0  symdefs.m ABSOLUTE
    xQueueGenericSend                        0x020261a1   Thumb Code     0  symdefs.m ABSOLUTE
    xQueueGenericSendFromISR                 0x0202630d   Thumb Code     0  symdefs.m ABSOLUTE
    xQueueGiveFromISR                        0x020263cd   Thumb Code     0  symdefs.m ABSOLUTE
    xQueueGiveMutexRecursive                 0x02026471   Thumb Code     0  symdefs.m ABSOLUTE
    xQueueIsQueueEmptyFromISR                0x020264b1   Thumb Code     0  symdefs.m ABSOLUTE
    xQueueIsQueueFullFromISR                 0x020264d5   Thumb Code     0  symdefs.m ABSOLUTE
    xQueuePeek                               0x020264fd   Thumb Code     0  symdefs.m ABSOLUTE
    xQueuePeekFromISR                        0x02026625   Thumb Code     0  symdefs.m ABSOLUTE
    xQueueReceive                            0x02026691   Thumb Code     0  symdefs.m ABSOLUTE
    xQueueReceiveFromISR                     0x020267bd   Thumb Code     0  symdefs.m ABSOLUTE
    xQueueRemoveFromSet                      0x02026851   Thumb Code     0  symdefs.m ABSOLUTE
    xQueueSelectFromSet                      0x02026873   Thumb Code     0  symdefs.m ABSOLUTE
    xQueueSelectFromSetFromISR               0x02026885   Thumb Code     0  symdefs.m ABSOLUTE
    xQueueSemaphoreTake                      0x02026899   Thumb Code     0  symdefs.m ABSOLUTE
    xQueueTakeMutexRecursive                 0x02026a05   Thumb Code     0  symdefs.m ABSOLUTE
    xTaskCheckForTimeOut                     0x02026a49   Thumb Code     0  symdefs.m ABSOLUTE
    xTaskCreate                              0x02026ab9   Thumb Code     0  symdefs.m ABSOLUTE
    xTaskCreateStatic                        0x02026b15   Thumb Code     0  symdefs.m ABSOLUTE
    xTaskGetCurrentTaskHandle                0x02026b85   Thumb Code     0  symdefs.m ABSOLUTE
    xTaskGetSchedulerState                   0x02026b91   Thumb Code     0  symdefs.m ABSOLUTE
    xTaskGetTickCount                        0x02026bad   Thumb Code     0  symdefs.m ABSOLUTE
    xTaskGetTickCountFromISR                 0x02026bb9   Thumb Code     0  symdefs.m ABSOLUTE
    xTaskIncrementTick                       0x02026bc9   Thumb Code     0  symdefs.m ABSOLUTE
    xTaskPriorityDisinherit                  0x02026c95   Thumb Code     0  symdefs.m ABSOLUTE
    xTaskPriorityInherit                     0x02026d29   Thumb Code     0  symdefs.m ABSOLUTE
    xTaskRemoveFromEventList                 0x02026dbd   Thumb Code     0  symdefs.m ABSOLUTE
    xTaskResumeAll                           0x02026e3d   Thumb Code     0  symdefs.m ABSOLUTE
    xTaskResumeFromISR                       0x02026f05   Thumb Code     0  symdefs.m ABSOLUTE
    xTimerCreate                             0x02026f91   Thumb Code     0  symdefs.m ABSOLUTE
    xTimerCreateStatic                       0x02026fc5   Thumb Code     0  symdefs.m ABSOLUTE
    xTimerCreateTimerTask                    0x02026ffd   Thumb Code     0  symdefs.m ABSOLUTE
    xTimerGenericCommand                     0x02027069   Thumb Code     0  symdefs.m ABSOLUTE
    xTimerGetExpiryTime                      0x020270d9   Thumb Code     0  symdefs.m ABSOLUTE
    xTimerGetTimerDaemonTaskHandle           0x020270f9   Thumb Code     0  symdefs.m ABSOLUTE
    __Vectors                                0x0202a000   Data           4  startup_ing91600.o(RESET)
    __main                                   0x0202a009   Thumb Code     0  entry.o(.ARM.Collect$$$$00000000)
    _main_stk                                0x0202a009   Thumb Code     0  entry2.o(.ARM.Collect$$$$00000001)
    _main_scatterload                        0x0202a00d   Thumb Code     0  entry5.o(.ARM.Collect$$$$00000004)
    __main_after_scatterload                 0x0202a011   Thumb Code     0  entry5.o(.ARM.Collect$$$$00000004)
    _main_clock                              0x0202a011   Thumb Code     0  entry7b.o(.ARM.Collect$$$$00000008)
    _main_cpp_init                           0x0202a011   Thumb Code     0  entry8b.o(.ARM.Collect$$$$0000000A)
    _main_init                               0x0202a011   Thumb Code     0  entry9a.o(.ARM.Collect$$$$0000000B)
    __rt_final_cpp                           0x0202a019   Thumb Code     0  entry10a.o(.ARM.Collect$$$$0000000D)
    __rt_final_exit                          0x0202a019   Thumb Code     0  entry11a.o(.ARM.Collect$$$$0000000F)
    Reset_Handler                            0x0202a01d   Thumb Code    14  startup_ing91600.o(.text)
    main                                     0x0202a02d   Thumb Code    14  startup_ing91600.o(.text)
    __scatterload                            0x0202a045   Thumb Code    28  init.o(.text)
    __scatterload_rt2                        0x0202a045   Thumb Code     0  init.o(.text)
    __aeabi_memcpy                           0x0202a069   Thumb Code    36  memcpya.o(.text)
    __aeabi_memcpy4                          0x0202a069   Thumb Code     0  memcpya.o(.text)
    __aeabi_memcpy8                          0x0202a069   Thumb Code     0  memcpya.o(.text)
    memcmp                                   0x0202a08d   Thumb Code    26  memcmp.o(.text)
    strcpy                                   0x0202a0a7   Thumb Code    18  strcpy.o(.text)
    GIO_ConfigIntSource                      0x0202a0b9   Thumb Code   202  peripheral_gpio.o(.text.GIO_ConfigIntSource)
    GIO_SetDirection                         0x0202a1b9   Thumb Code   162  peripheral_gpio.o(.text.GIO_SetDirection)
    PINCTRL_SetPadMux                        0x0202a25d   Thumb Code   422  peripheral_pinctrl.o(.text.PINCTRL_SetPadMux)
    SEGGER_RTT_GetAvailWriteSpace            0x0202a405   Thumb Code    34  trace.o(.text.SEGGER_RTT_GetAvailWriteSpace)
    SEGGER_RTT_Init                          0x0202a429   Thumb Code     8  trace.o(.text.SEGGER_RTT_Init)
    SEGGER_RTT_Write                         0x0202a431   Thumb Code    72  trace.o(.text.SEGGER_RTT_Write)
    SEGGER_RTT_WriteNoLock                   0x0202a479   Thumb Code   176  trace.o(.text.SEGGER_RTT_WriteNoLock)
    SYSCTRL_ClearClkGate                     0x0202a581   Thumb Code    22  peripheral_sysctrl.o(.text.SYSCTRL_ClearClkGate)
    SYSCTRL_ClearClkGateMulti                0x0202a599   Thumb Code    66  peripheral_sysctrl.o(.text.SYSCTRL_ClearClkGateMulti)
    SYSCTRL_ICacheControl                    0x0202a965   Thumb Code    28  peripheral_sysctrl.o(.text.SYSCTRL_ICacheControl)
    SYSCTRL_Init                             0x0202a981   Thumb Code   220  peripheral_sysctrl.o(.text.SYSCTRL_Init)
    SYSCTRL_SetLDOOutput                     0x0202aa5d   Thumb Code    36  peripheral_sysctrl.o(.text.SYSCTRL_SetLDOOutput)
    UART_SendData                            0x0202aa81   Thumb Code    20  peripheral_uart.o(.text.UART_SendData)
    ad_data_from_type                        0x0202acd1   Thumb Code   112  ad_parser.o(.text.ad_data_from_type)
    ad_iterator_get_data                     0x0202ad41   Thumb Code    18  ad_parser.o(.text.ad_iterator_get_data)
    ad_iterator_get_data_len                 0x0202ad55   Thumb Code    20  ad_parser.o(.text.ad_iterator_get_data_len)
    ad_iterator_get_data_type                0x0202ad69   Thumb Code    18  ad_parser.o(.text.ad_iterator_get_data_type)
    ad_iterator_has_more                     0x0202ad7d   Thumb Code    22  ad_parser.o(.text.ad_iterator_has_more)
    ad_iterator_init                         0x0202ad95   Thumb Code    34  ad_parser.o(.text.ad_iterator_init)
    ad_iterator_next                         0x0202adb9   Thumb Code    52  ad_parser.o(.text.ad_iterator_next)
    adv_uint8_to_ascii                       0x0202aded   Thumb Code   132  kv_flash.o(.text.adv_uint8_to_ascii)
    apUART_BaudRateSet                       0x0202ae71   Thumb Code   128  peripheral_uart.o(.text.apUART_BaudRateSet)
    apUART_Check_TXFIFO_FULL                 0x0202aef1   Thumb Code    16  peripheral_uart.o(.text.apUART_Check_TXFIFO_FULL)
    apUART_Initialize                        0x0202af01   Thumb Code   170  peripheral_uart.o(.text.apUART_Initialize)
    app_main                                 0x0202afad   Thumb Code    52  main.o(.text.app_main)
    cb_putc                                  0x0202b145   Thumb Code    52  main.o(.text.cb_putc)
    cb_trace_rtt                             0x0202b179   Thumb Code   126  trace.o(.text.cb_trace_rtt)
    check_flash                              0x0202b1f9   Thumb Code    98  kv_flash.o(.text.check_flash)
    config_uart                              0x0202b25d   Thumb Code    84  main.o(.text.config_uart)
    erase_flash_sector                       0x0202b32d   Thumb Code    26  eflash.o(.text.erase_flash_sector)
    find_change_adv                          0x0202b349   Thumb Code   194  profile.o(.text.find_change_adv)
    flash_enable_write_protection            0x0202b40d   Thumb Code   138  eflash.o(.text.flash_enable_write_protection)
    flash_get_factory_calib_data             0x0202b499   Thumb Code    36  eflash.o(.text.flash_get_factory_calib_data)
    flash_prepare_factory_data               0x0202b4bd   Thumb Code   194  eflash.o(.text.flash_prepare_factory_data)
    get_con_flash                            0x0202b5d9   Thumb Code   120  kv_flash.o(.text.get_con_flash)
    kv_impl_init                             0x0202bb35   Thumb Code   118  kv_impl.o(.text.kv_impl_init)
    on_lle_init                              0x0202be91   Thumb Code    12  main.o(.text.on_lle_init)
    program_flash                            0x0202be9d   Thumb Code    26  eflash.o(.text.program_flash)
    read_flash_security                      0x0202beb9   Thumb Code    72  eflash.o(.text.read_flash_security)
    read_rest_flash                          0x0202bf51   Thumb Code   106  kv_flash.o(.text.read_rest_flash)
    reset_timer_callback                     0x0202bfbd   Thumb Code     8  profile.o(.text.reset_timer_callback)
    setup_peripherals                        0x0202c0e5   Thumb Code    70  main.o(.text.setup_peripherals)
    setup_profile                            0x0202c12d   Thumb Code   114  profile.o(.text.setup_profile)
    trace_rtt_init                           0x0202c241   Thumb Code    14  trace.o(.text.trace_rtt_init)
    write_flash                              0x0202c381   Thumb Code    66  eflash.o(.text.write_flash)
    write_flash0                             0x0202c3c5   Thumb Code   202  eflash.o(.text.write_flash0)
    __scatterload_copy                       0x0202c4af   Thumb Code    14  handlers.o(i.__scatterload_copy)
    __scatterload_null                       0x0202c4bd   Thumb Code     2  handlers.o(i.__scatterload_null)
    __scatterload_zeroinit                   0x0202c4bf   Thumb Code    14  handlers.o(i.__scatterload_zeroinit)
    io_output_source_map                     0x0202c53c   Data         798  peripheral_pinctrl.o(.rodata.io_output_source_map)
    Region$$Table$$Base                      0x0202ca1c   Number         0  anon$$obj.o(Region$$Table)
    Region$$Table$$Limit                     0x0202ca3c   Number         0  anon$$obj.o(Region$$Table)
    adv_data                                 0x20005410   Data          18  profile.o(.data.adv_data)
    _SEGGER_RTT                              0x20005428   Data          72  trace.o(.bss._SEGGER_RTT)
    kv_cache                                 0x2000567c   Data         400  kv_impl.o(.bss.kv_cache)
    loop_count                               0x20005810   Data           6  profile.o(.bss.loop_count)
    trace_ctx                                0x20005816   Data           1  main.o(.bss.trace_ctx)
    __initial_sp                             0x2000581c   Data           0  startup_ing91600.o(STACK)



==============================================================================

Memory Map of the image

  Image Entry point : 0x0202a009

  Load Region LR_IROM1 (Base: 0x0202a000, Size: 0x00002a58, Max: 0x00056000, ABSOLUTE)

    Execution Region ER_IROM1 (Exec base: 0x0202a000, Load base: 0x0202a000, Size: 0x00002a3c, Max: 0x00056000, ABSOLUTE)

    Exec Addr    Load Addr    Size         Type   Attr      Idx    E Section Name        Object

    0x0202a000   0x0202a000   0x00000008   Data   RO          136    RESET               startup_ing91600.o
    0x0202a008   0x0202a008   0x00000000   Code   RO         1596  * .ARM.Collect$$$$00000000  mc_w.l(entry.o)
    0x0202a008   0x0202a008   0x00000004   Code   RO         1689    .ARM.Collect$$$$00000001  mc_w.l(entry2.o)
    0x0202a00c   0x0202a00c   0x00000004   Code   RO         1692    .ARM.Collect$$$$00000004  mc_w.l(entry5.o)
    0x0202a010   0x0202a010   0x00000000   Code   RO         1694    .ARM.Collect$$$$00000008  mc_w.l(entry7b.o)
    0x0202a010   0x0202a010   0x00000000   Code   RO         1696    .ARM.Collect$$$$0000000A  mc_w.l(entry8b.o)
    0x0202a010   0x0202a010   0x00000008   Code   RO         1697    .ARM.Collect$$$$0000000B  mc_w.l(entry9a.o)
    0x0202a018   0x0202a018   0x00000000   Code   RO         1699    .ARM.Collect$$$$0000000D  mc_w.l(entry10a.o)
    0x0202a018   0x0202a018   0x00000000   Code   RO         1701    .ARM.Collect$$$$0000000F  mc_w.l(entry11a.o)
    0x0202a018   0x0202a018   0x00000004   Code   RO         1690    .ARM.Collect$$$$00002712  mc_w.l(entry2.o)
    0x0202a01c   0x0202a01c   0x00000028   Code   RO          137    .text               startup_ing91600.o
    0x0202a044   0x0202a044   0x00000024   Code   RO         1597    .text               mc_w.l(init.o)
    0x0202a068   0x0202a068   0x00000024   Code   RO         1605    .text               mc_w.l(memcpya.o)
    0x0202a08c   0x0202a08c   0x0000001a   Code   RO         1611    .text               mc_w.l(memcmp.o)
    0x0202a0a6   0x0202a0a6   0x00000012   Code   RO         1613    .text               mc_w.l(strcpy.o)
    0x0202a0b8   0x0202a0b8   0x000000ca   Code   RO          319    .text.GIO_ConfigIntSource  peripheral_gpio.o
    0x0202a182   0x0202a182   0x00000002   PAD
    0x0202a184   0x0202a184   0x00000032   Code   RO          309    .text.GIO_MaskedWrite  peripheral_gpio.o
    0x0202a1b6   0x0202a1b6   0x00000002   PAD
    0x0202a1b8   0x0202a1b8   0x000000a2   Code   RO          307    .text.GIO_SetDirection  peripheral_gpio.o
    0x0202a25a   0x0202a25a   0x00000002   PAD
    0x0202a25c   0x0202a25c   0x000001a6   Code   RO          423    .text.PINCTRL_SetPadMux  peripheral_pinctrl.o
    0x0202a402   0x0202a402   0x00000002   PAD
    0x0202a404   0x0202a404   0x00000022   Code   RO         1499    .text.SEGGER_RTT_GetAvailWriteSpace  trace.o
    0x0202a426   0x0202a426   0x00000002   PAD
    0x0202a428   0x0202a428   0x00000008   Code   RO         1491    .text.SEGGER_RTT_Init  trace.o
    0x0202a430   0x0202a430   0x00000048   Code   RO         1455    .text.SEGGER_RTT_Write  trace.o
    0x0202a478   0x0202a478   0x000000b0   Code   RO         1451    .text.SEGGER_RTT_WriteNoLock  trace.o
    0x0202a528   0x0202a528   0x00000058   Code   RO          821    .text.SYSCTRL_CacheControl0  peripheral_sysctrl.o
    0x0202a580   0x0202a580   0x00000016   Code   RO          687    .text.SYSCTRL_ClearClkGate  peripheral_sysctrl.o
    0x0202a596   0x0202a596   0x00000002   PAD
    0x0202a598   0x0202a598   0x00000042   Code   RO          691    .text.SYSCTRL_ClearClkGateMulti  peripheral_sysctrl.o
    0x0202a5da   0x0202a5da   0x00000002   PAD
    0x0202a5dc   0x0202a5dc   0x00000386   Code   RO          685    .text.SYSCTRL_ClkGateCtrl  peripheral_sysctrl.o
    0x0202a962   0x0202a962   0x00000002   PAD
    0x0202a964   0x0202a964   0x0000001c   Code   RO          823    .text.SYSCTRL_ICacheControl  peripheral_sysctrl.o
    0x0202a980   0x0202a980   0x000000dc   Code   RO          829    .text.SYSCTRL_Init  peripheral_sysctrl.o
    0x0202aa5c   0x0202aa5c   0x00000024   Code   RO          795    .text.SYSCTRL_SetLDOOutput  peripheral_sysctrl.o
    0x0202aa80   0x0202aa80   0x00000014   Code   RO          931    .text.UART_SendData  peripheral_uart.o
    0x0202aa94   0x0202aa94   0x0000009c   Code   RO         1433    .text._DoInit       trace.o
    0x0202ab30   0x0202ab30   0x0000003e   Code   RO         1445    .text._GetAvailWriteSpace  trace.o
    0x0202ab6e   0x0202ab6e   0x00000002   PAD
    0x0202ab70   0x0202ab70   0x000000e0   Code   RO         1449    .text._WriteBlocking  trace.o
    0x0202ac50   0x0202ac50   0x00000080   Code   RO         1447    .text._WriteNoCheck  trace.o
    0x0202acd0   0x0202acd0   0x00000070   Code   RO         1588    .text.ad_data_from_type  ad_parser.o
    0x0202ad40   0x0202ad40   0x00000012   Code   RO         1582    .text.ad_iterator_get_data  ad_parser.o
    0x0202ad52   0x0202ad52   0x00000002   PAD
    0x0202ad54   0x0202ad54   0x00000014   Code   RO         1578    .text.ad_iterator_get_data_len  ad_parser.o
    0x0202ad68   0x0202ad68   0x00000012   Code   RO         1580    .text.ad_iterator_get_data_type  ad_parser.o
    0x0202ad7a   0x0202ad7a   0x00000002   PAD
    0x0202ad7c   0x0202ad7c   0x00000016   Code   RO         1574    .text.ad_iterator_has_more  ad_parser.o
    0x0202ad92   0x0202ad92   0x00000002   PAD
    0x0202ad94   0x0202ad94   0x00000022   Code   RO         1572    .text.ad_iterator_init  ad_parser.o
    0x0202adb6   0x0202adb6   0x00000002   PAD
    0x0202adb8   0x0202adb8   0x00000034   Code   RO         1576    .text.ad_iterator_next  ad_parser.o
    0x0202adec   0x0202adec   0x00000084   Code   RO          119    .text.adv_uint8_to_ascii  kv_flash.o
    0x0202ae70   0x0202ae70   0x00000080   Code   RO          879    .text.apUART_BaudRateSet  peripheral_uart.o
    0x0202aef0   0x0202aef0   0x00000010   Code   RO          891    .text.apUART_Check_TXFIFO_FULL  peripheral_uart.o
    0x0202af00   0x0202af00   0x000000aa   Code   RO          929    .text.apUART_Initialize  peripheral_uart.o
    0x0202afaa   0x0202afaa   0x00000002   PAD
    0x0202afac   0x0202afac   0x00000034   Code   RO           12    .text.app_main      main.o
    0x0202afe0   0x0202afe0   0x00000020   Code   RO           36    .text.att_read_callback  profile.o
    0x0202b000   0x0202b000   0x00000064   Code   RO           38    .text.att_write_callback  profile.o
    0x0202b064   0x0202b064   0x0000000c   Code   RO           44    .text.btstack_event_state_get_state  profile.o
    0x0202b070   0x0202b070   0x0000002c   Code   RO          182    .text.calc_checksum_32  eflash.o
    0x0202b09c   0x0202b09c   0x00000012   Code   RO          180    .text.calc_ft_sum   eflash.o
    0x0202b0ae   0x0202b0ae   0x00000002   PAD
    0x0202b0b0   0x0202b0b0   0x0000001e   Code   RO           16    .text.cb_assertion  main.o
    0x0202b0ce   0x0202b0ce   0x00000002   PAD
    0x0202b0d0   0x0202b0d0   0x00000056   Code   RO           14    .text.cb_hard_fault  main.o
    0x0202b126   0x0202b126   0x00000002   PAD
    0x0202b128   0x0202b128   0x0000001a   Code   RO           18    .text.cb_heap_out_of_mem  main.o
    0x0202b142   0x0202b142   0x00000002   PAD
    0x0202b144   0x0202b144   0x00000034   Code   RO            2    .text.cb_putc       main.o
    0x0202b178   0x0202b178   0x0000007e   Code   RO         1511    .text.cb_trace_rtt  trace.o
    0x0202b1f6   0x0202b1f6   0x00000002   PAD
    0x0202b1f8   0x0202b1f8   0x00000062   Code   RO          121    .text.check_flash   kv_flash.o
    0x0202b25a   0x0202b25a   0x00000002   PAD
    0x0202b25c   0x0202b25c   0x00000054   Code   RO            6    .text.config_uart   main.o
    0x0202b2b0   0x0202b2b0   0x0000007a   Code   RO          166    .text.copy_security_data  eflash.o
    0x0202b32a   0x0202b32a   0x00000002   PAD
    0x0202b32c   0x0202b32c   0x0000001a   Code   RO          144    .text.erase_flash_sector  eflash.o
    0x0202b346   0x0202b346   0x00000002   PAD
    0x0202b348   0x0202b348   0x000000c2   Code   RO           30    .text.find_change_adv  profile.o
    0x0202b40a   0x0202b40a   0x00000002   PAD
    0x0202b40c   0x0202b40c   0x0000008a   Code   RO          164    .text.flash_enable_write_protection  eflash.o
    0x0202b496   0x0202b496   0x00000002   PAD
    0x0202b498   0x0202b498   0x00000024   Code   RO          170    .text.flash_get_factory_calib_data  eflash.o
    0x0202b4bc   0x0202b4bc   0x000000c2   Code   RO          158    .text.flash_prepare_factory_data  eflash.o
    0x0202b57e   0x0202b57e   0x00000002   PAD
    0x0202b580   0x0202b580   0x00000056   Code   RO          162    .text.flash_read_protection_status  eflash.o
    0x0202b5d6   0x0202b5d6   0x00000002   PAD
    0x0202b5d8   0x0202b5d8   0x00000078   Code   RO          125    .text.get_con_flash  kv_flash.o
    0x0202b650   0x0202b650   0x0000000c   Code   RO          178    .text.get_ft_sum    eflash.o
    0x0202b65c   0x0202b65c   0x0000000e   Code   RO           48    .text.hci_event_command_complete_get_command_opcode  profile.o
    0x0202b66a   0x0202b66a   0x00000002   PAD
    0x0202b66c   0x0202b66c   0x0000000c   Code   RO           50    .text.hci_event_le_meta_get_subevent_code  profile.o
    0x0202b678   0x0202b678   0x0000000c   Code   RO           42    .text.hci_event_packet_get_type  profile.o
    0x0202b684   0x0202b684   0x0000000c   Code   RO           52    .text.hci_event_packet_get_user_msg  profile.o
    0x0202b690   0x0202b690   0x0000007e   Code   RO          103    .text.impl_do_kv_visit  kv_impl.o
    0x0202b70e   0x0202b70e   0x00000002   PAD
    0x0202b710   0x0202b710   0x0000003e   Code   RO           87    .text.impl_kv_get   kv_impl.o
    0x0202b74e   0x0202b74e   0x00000002   PAD
    0x0202b750   0x0202b750   0x0000004a   Code   RO           85    .text.impl_kv_put   kv_impl.o
    0x0202b79a   0x0202b79a   0x00000002   PAD
    0x0202b79c   0x0202b79c   0x00000068   Code   RO           83    .text.impl_kv_remove  kv_impl.o
    0x0202b804   0x0202b804   0x0000006c   Code   RO           81    .text.impl_kv_remove_all  kv_impl.o
    0x0202b870   0x0202b870   0x0000002c   Code   RO           91    .text.impl_kv_value_modified_of_key  kv_impl.o
    0x0202b89c   0x0202b89c   0x00000024   Code   RO           89    .text.impl_kv_visit  kv_impl.o
    0x0202b8c0   0x0202b8c0   0x0000005e   Code   RO          160    .text.is_data_ready  eflash.o
    0x0202b91e   0x0202b91e   0x00000002   PAD
    0x0202b920   0x0202b920   0x000000d8   Code   RO           99    .text.kv_do_append_key  kv_impl.o
    0x0202b9f8   0x0202b9f8   0x0000004e   Code   RO           75    .text.kv_do_backup  kv_impl.o
    0x0202ba46   0x0202ba46   0x00000002   PAD
    0x0202ba48   0x0202ba48   0x00000040   Code   RO          101    .text.kv_do_gc      kv_impl.o
    0x0202ba88   0x0202ba88   0x00000018   Code   RO           95    .text.kv_do_remove_key  kv_impl.o
    0x0202baa0   0x0202baa0   0x00000092   Code   RO           73    .text.kv_flash_repair  kv_impl.o
    0x0202bb32   0x0202bb32   0x00000002   PAD
    0x0202bb34   0x0202bb34   0x00000076   Code   RO           71    .text.kv_impl_init  kv_impl.o
    0x0202bbaa   0x0202bbaa   0x00000002   PAD
    0x0202bbac   0x0202bbac   0x00000022   Code   RO           77    .text.kv_reset      kv_impl.o
    0x0202bbce   0x0202bbce   0x00000002   PAD
    0x0202bbd0   0x0202bbd0   0x000000e6   Code   RO          107    .text.kv_search     kv_impl.o
    0x0202bcb6   0x0202bcb6   0x00000002   PAD
    0x0202bcb8   0x0202bcb8   0x00000068   Code   RO           93    .text.kv_search_cache  kv_impl.o
    0x0202bd20   0x0202bd20   0x00000080   Code   RO           97    .text.kv_search_flash  kv_impl.o
    0x0202bda0   0x0202bda0   0x00000044   Code   RO          105    .text.kv_visitor_dump  kv_impl.o
    0x0202bde4   0x0202bde4   0x0000008e   Code   RO          321    .text.map_int_mode  peripheral_gpio.o
    0x0202be72   0x0202be72   0x00000002   PAD
    0x0202be74   0x0202be74   0x0000001a   Code   RO           79    .text.next_item     kv_impl.o
    0x0202be8e   0x0202be8e   0x00000002   PAD
    0x0202be90   0x0202be90   0x0000000c   Code   RO           10    .text.on_lle_init   main.o
    0x0202be9c   0x0202be9c   0x0000001a   Code   RO          146    .text.program_flash  eflash.o
    0x0202beb6   0x0202beb6   0x00000002   PAD
    0x0202beb8   0x0202beb8   0x00000048   Code   RO          154    .text.read_flash_security  eflash.o
    0x0202bf00   0x0202bf00   0x00000050   Code   RO          156    .text.read_flash_security0  eflash.o
    0x0202bf50   0x0202bf50   0x0000006a   Code   RO          123    .text.read_rest_flash  kv_flash.o
    0x0202bfba   0x0202bfba   0x00000002   PAD
    0x0202bfbc   0x0202bfbc   0x00000008   Code   RO           32    .text.reset_timer_callback  profile.o
    0x0202bfc4   0x0202bfc4   0x00000006   Code   RO          176    .text.security_page_read  eflash.o
    0x0202bfca   0x0202bfca   0x00000002   PAD
    0x0202bfcc   0x0202bfcc   0x00000032   Code   RO          701    .text.set_reg_bit   peripheral_sysctrl.o
    0x0202bffe   0x0202bffe   0x00000002   PAD
    0x0202c000   0x0202c000   0x00000044   Code   RO          455    .text.set_reg_bits  peripheral_pinctrl.o
    0x0202c044   0x0202c044   0x0000003a   Code   RO          703    .text.set_reg_bits  peripheral_sysctrl.o
    0x0202c07e   0x0202c07e   0x00000002   PAD
    0x0202c080   0x0202c080   0x00000064   Code   RO           46    .text.setup_adv     profile.o
    0x0202c0e4   0x0202c0e4   0x00000046   Code   RO            8    .text.setup_peripherals  main.o
    0x0202c12a   0x0202c12a   0x00000002   PAD
    0x0202c12c   0x0202c12c   0x00000072   Code   RO           34    .text.setup_profile  profile.o
    0x0202c19e   0x0202c19e   0x00000002   PAD
    0x0202c1a0   0x0202c1a0   0x000000a0   Code   RO          453    .text.source_id_on_pin  peripheral_pinctrl.o
    0x0202c240   0x0202c240   0x0000000e   Code   RO         1525    .text.trace_rtt_init  trace.o
    0x0202c24e   0x0202c24e   0x00000002   PAD
    0x0202c250   0x0202c250   0x00000010   Code   RO           54    .text.user_msg_handler  profile.o
    0x0202c260   0x0202c260   0x00000120   Code   RO           40    .text.user_packet_handler  profile.o
    0x0202c380   0x0202c380   0x00000042   Code   RO          150    .text.write_flash   eflash.o
    0x0202c3c2   0x0202c3c2   0x00000002   PAD
    0x0202c3c4   0x0202c3c4   0x000000ca   Code   RO          148    .text.write_flash0  eflash.o
    0x0202c48e   0x0202c48e   0x00000002   PAD
    0x0202c490   0x0202c490   0x0000001e   Code   RO          184    .text.write_ft_sum  eflash.o
    0x0202c4ae   0x0202c4ae   0x0000000e   Code   RO         1734    i.__scatterload_copy  mc_w.l(handlers.o)
    0x0202c4bc   0x0202c4bc   0x00000002   Code   RO         1735    i.__scatterload_null  mc_w.l(handlers.o)
    0x0202c4be   0x0202c4be   0x0000000e   Code   RO         1736    i.__scatterload_zeroinit  mc_w.l(handlers.o)
    0x0202c4cc   0x0202c4cc   0x00000006   Data   RO           62    .rodata.adv_sets_en  profile.o
    0x0202c4d2   0x0202c4d2   0x00000002   PAD
    0x0202c4d4   0x0202c4d4   0x00000068   Data   RO           21    .rodata.evt_cb_table  main.o
    0x0202c53c   0x0202c53c   0x0000031e   Data   RO          471    .rodata.io_output_source_map  peripheral_pinctrl.o
    0x0202c85a   0x0202c85a   0x00000002   PAD
    0x0202c85c   0x0202c85c   0x00000018   Data   RO          110    .rodata.kv_backend  kv_impl.o
    0x0202c874   0x0202c874   0x00000055   Data   RO           61    .rodata.profile_data  profile.o
    0x0202c8c9   0x0202c8c9   0x00000048   Data   RO          186    .rodata.prog_security_page_read  eflash.o
    0x0202c911   0x0202c911   0x00000001   Data   RO           63    .rodata.scan_data   profile.o
    0x0202c912   0x0202c912   0x0000008d   Data   RO           22    .rodata.str1.1      main.o
    0x0202c99f   0x0202c99f   0x00000040   Data   RO           58    .rodata.str1.1      profile.o
    0x0202c9df   0x0202c9df   0x00000022   Data   RO          127    .rodata.str1.1      kv_flash.o
    0x0202ca01   0x0202ca01   0x00000014   Data   RO         1560    .rodata.str1.1      trace.o
    0x0202ca15   0x0202ca15   0x00000006   Data   RO           60    .rodata.user_packet_handler.rand_addr  profile.o
    0x0202ca1b   0x0202ca1b   0x00000001   PAD
    0x0202ca1c   0x0202ca1c   0x00000020   Data   RO         1733    Region$$Table       anon$$obj.o


    Execution Region RW_IRAM1 (Exec base: 0x20005410, Load base: 0x0202ca40, Size: 0x0000040c, Max: 0x00002bf0, ABSOLUTE)

    Exec Addr    Load Addr    Size         Type   Attr      Idx    E Section Name        Object

    0x20005410   0x0202ca40   0x00000012   Data   RW           57    .data.adv_data      profile.o
    0x20005422   0x0202ca52   0x00000006   PAD
    0x20005428        -       0x00000048   Zero   RW         1557    .bss._SEGGER_RTT    trace.o
    0x20005470        -       0x00000010   Zero   RW         1564    .bss._acDownBuffer  trace.o
    0x20005480        -       0x000001f4   Zero   RW         1563    .bss._acUpBuffer    trace.o
    0x20005674        -       0x00000008   Zero   RW           59    .bss.hci_event_callback_registration  profile.o
    0x2000567c        -       0x00000190   Zero   RW          109    .bss.kv_cache       kv_impl.o
    0x2000580c        -       0x00000004   Zero   RW          111    .bss.kv_storage_tail  kv_impl.o
    0x20005810        -       0x00000006   Zero   RW           56    .bss.loop_count     profile.o
    0x20005816        -       0x00000001   Zero   RW           20    .bss.trace_ctx      main.o
    0x20005817   0x0202ca52   0x00000001   PAD
    0x20005818        -       0x00000004   Zero   RW          134    STACK               startup_ing91600.o


==============================================================================

Image component sizes


      Code (inc. data)   RO Data    RW Data    ZI Data      Debug   Object Name

       276          0          0          0          0       3164   ad_parser.o
      1252          0         72          0          0       7645   eflash.o
       456          0         34          0          0       1771   kv_flash.o
      1790          0         24          0        404       6781   kv_impl.o
       412          0        245          0          1      11423   main.o
       556          0          0          0          0       7687   peripheral_gpio.o
       650          0        798          0          0      14439   peripheral_pinctrl.o
      1470         50          0          0          0      24433   peripheral_sysctrl.o
       334          0          0          0          0       6275   peripheral_uart.o
       914          0        162         18         14       5529   profile.o
        40         12          8          0          4        444   startup_ing91600.o
      1000          0         20          0        588      22606   trace.o

    ----------------------------------------------------------------------
      9246         62       1400         20       1016     112197   Object Totals
         0          0         32          0          0          0   (incl. Generated)
        96          0          5          2          5          0   (incl. Padding)

    ----------------------------------------------------------------------

      Code (inc. data)   RO Data    RW Data    ZI Data      Debug   Library Member Name

         0          0          0          0          0          0   entry.o
         0          0          0          0          0          0   entry10a.o
         0          0          0          0          0          0   entry11a.o
         8          4          0          0          0          0   entry2.o
         4          0          0          0          0          0   entry5.o
         0          0          0          0          0          0   entry7b.o
         0          0          0          0          0          0   entry8b.o
         8          4          0          0          0          0   entry9a.o
        30          0          0          0          0          0   handlers.o
        36          8          0          0          0         68   init.o
        26          0          0          0          0         80   memcmp.o
        36          0          0          0          0         68   memcpya.o
        18          0          0          0          0         68   strcpy.o

    ----------------------------------------------------------------------
       166         16          0          0          0        284   Library Totals
         0          0          0          0          0          0   (incl. Padding)

    ----------------------------------------------------------------------

      Code (inc. data)   RO Data    RW Data    ZI Data      Debug   Library Name

       166         16          0          0          0        284   mc_w.l

    ----------------------------------------------------------------------
       166         16          0          0          0        284   Library Totals

    ----------------------------------------------------------------------

==============================================================================


      Code (inc. data)   RO Data    RW Data    ZI Data      Debug   

      9412         78       1400         20       1016     112381   Grand Totals
      9412         78       1400         20       1016     112381   ELF Image Totals
      9412         78       1400         20          0          0   ROM Totals

==============================================================================

    Total RO  Size (Code + RO Data)                10812 (  10.56kB)
    Total RW  Size (RW Data + ZI Data)              1036 (   1.01kB)
    Total ROM Size (Code + RO Data + RW Data)      10832 (  10.58kB)

==============================================================================

